2026-06-16 10:25:36,411 [INFO] go2_survey.cli: go2-survey v0.32.0 | git 473cad6 | run dir: /media/mpg-robodog/KINGSTON1/multimodal_survey/missions/site_1/strip_1/runs/strip_1_2026-06-16_10-25-36
2026-06-16 10:25:36,412 [INFO] go2_survey.cli: Logging to: /media/mpg-robodog/KINGSTON1/multimodal_survey/missions/site_1/strip_1/runs/strip_1_2026-06-16_10-25-36/main.log (+ imu.log, gps.log)
2026-06-16 10:25:36,412 [INFO] go2_survey.cli: Mission dir: /media/mpg-robodog/KINGSTON1/multimodal_survey/missions/site_1/strip_1
2026-06-16 10:25:36,415 [INFO] go2_survey.mission_runner: ============================================================
2026-06-16 10:25:36,415 [INFO] go2_survey.mission_runner: ================= MISSION: site_1_strip_1 ==================
2026-06-16 10:25:36,415 [INFO] go2_survey.mission_runner: ============================================================
2026-06-16 10:25:36,415 [INFO] go2_survey.mission_runner: Lawnmower line survey of site 1, strip 1: the strip polygon boxified to a 133 m × 20 m grid — 4 identical 132.6 m legs at exact 5 m spacing along the strip axis (auto bearing 116.8°), starting at the southern corner, walked at 1 m/s, capturing a clean frame every 1 m of along-track travel (~530 frames over ~530 m of survey legs), steered by cross_track (GPS-course pure pursuit). Waypoints generated from seed_poly.geojson (QGIS polygon, EPSG:6514).
2026-06-16 10:25:36,416 [INFO] go2_survey.mission_runner: ------------------------------------------------------------
2026-06-16 10:25:36,416 [INFO] go2_survey.mission_runner: ------------------------ MODE: nav -------------------------
2026-06-16 10:25:36,416 [INFO] go2_survey.mission_runner: ------------------------------------------------------------
2026-06-16 10:25:36,417 [INFO] go2_survey.waypoints: Loaded 8 waypoints from /media/mpg-robodog/KINGSTON1/multimodal_survey/missions/site_1/strip_1/waypoints.geojson
2026-06-16 10:25:36,417 [INFO] go2_survey.mission_runner: Loaded 8 waypoint(s):
2026-06-16 10:25:36,417 [INFO] go2_survey.mission_runner:   1. wp_001: (46.67531454, -114.00606456)
2026-06-16 10:25:36,417 [INFO] go2_survey.mission_runner:   2. wp_002: (46.67640849, -114.00537219)
2026-06-16 10:25:36,417 [INFO] go2_survey.mission_runner:   3. wp_003: (46.67642646, -114.00543213)
2026-06-16 10:25:36,418 [INFO] go2_survey.mission_runner:   4. wp_004: (46.67533252, -114.00612451)
2026-06-16 10:25:36,418 [INFO] go2_survey.mission_runner:   5. wp_005: (46.67535049, -114.00618445)
2026-06-16 10:25:36,418 [INFO] go2_survey.mission_runner:   6. wp_006: (46.67644444, -114.00549208)
2026-06-16 10:25:36,418 [INFO] go2_survey.mission_runner:   7. wp_007: (46.67646241, -114.00555202)
2026-06-16 10:25:36,418 [INFO] go2_survey.mission_runner:   8. wp_008: (46.67536846, -114.00624440)
2026-06-16 10:25:36,418 [INFO] go2_survey.mission_runner: GPS: /dev/ttyACM0 @ 38400 | NTRIP: caster.emlid.com:2101 mountpoints=['MP22385', 'MP22385a'] | Robot: LocalSTA
2026-06-16 10:25:36,418 [INFO] go2_survey.mission_runner: Nav: tol=0.25m vmax=1.0m/s rot=0.8rad/s minFix=4 maxHacc=0.1m
2026-06-16 10:25:36,419 [INFO] go2_survey.mission_runner: ------------------------------------------------------------
2026-06-16 10:25:36,419 [INFO] go2_survey.mission_runner:  AUTO-DISCOVERING ROBOT IP (up to 4 attempts, 10s between) -
2026-06-16 10:25:36,419 [INFO] go2_survey.mission_runner: ------------------------------------------------------------
2026-06-16 10:25:36,419 [INFO] go2_survey.mission_runner: robot.ip not set in mission.toml and ROBOT_IP env var not set; scanning local network for a Go2 (nmap ports 8081/9991)...
2026-06-16 10:25:36,419 [INFO] go2_survey.mission_runner: Discovery attempt 1/4: scanning for Go2 on ports 8081/9991...
2026-06-16 10:25:36,431 [INFO] go2_survey.discovery: Scanning 10.111.114.241/24 for Go2 ports 8081/9991...
2026-06-16 10:25:39,130 [INFO] go2_survey.mission_runner: Discovery attempt 1: found Go2 at 10.111.114.5
2026-06-16 10:25:39,131 [INFO] go2_survey.mission_runner: ------------------------------------------------------------
2026-06-16 10:25:39,132 [INFO] go2_survey.mission_runner: ------------ ROBOT IP DISCOVERED | 10.111.114.5 ------------
2026-06-16 10:25:39,132 [INFO] go2_survey.mission_runner: ------------------------------------------------------------
2026-06-16 10:25:39,132 [INFO] go2_survey.mission_runner: ------------------------------------------------------------
2026-06-16 10:25:39,132 [INFO] go2_survey.mission_runner: ----------------------- PHASE 1: GPS -----------------------
2026-06-16 10:25:39,133 [INFO] go2_survey.mission_runner: ------------------------------------------------------------
2026-06-16 10:25:39,136 [INFO] go2_survey.gps: Connected to GPS on /dev/ttyACM0 @ 38400 baud
2026-06-16 10:25:39,137 [INFO] go2_survey.gps: NTRIP: trying primary mountpoint MP22385 (1/2, attempt 1/3)
2026-06-16 10:25:39,137 [INFO] go2_survey.ntrip: Connecting to NTRIP caster at caster.emlid.com:2101
2026-06-16 10:25:39,561 [INFO] go2_survey.ntrip: Connected to NTRIP mountpoint: MP22385
2026-06-16 10:25:39,563 [INFO] go2_survey.gps: NTRIP: connected via primary mountpoint MP22385 (took 0s, 1 attempt(s))
2026-06-16 10:25:39,564 [INFO] go2_survey.ntrip: Started RTCM correction stream
2026-06-16 10:25:39,564 [INFO] go2_survey.gps: Waiting for GPS fix (min type 4, NTRIP state=connected)...
2026-06-16 10:25:39,566 [WARNING] go2_survey.gps: wait_for_fix: RTCM stalled (state=connected, rtcm_age=∞, alive=True) — firing reconnect_ntrip_async()
2026-06-16 10:25:39,568 [INFO] go2_survey.ntrip: RTCM correction worker stopped
2026-06-16 10:25:39,568 [INFO] go2_survey.ntrip: Disconnected from NTRIP. Forwarded 0 messages.
2026-06-16 10:25:39,569 [INFO] go2_survey.gps: NTRIP reconnect: starting retry loop
2026-06-16 10:25:39,569 [INFO] go2_survey.gps: NTRIP: trying primary mountpoint MP22385 (1/2, attempt 1/3)
2026-06-16 10:25:39,569 [INFO] go2_survey.ntrip: Connecting to NTRIP caster at caster.emlid.com:2101
2026-06-16 10:25:39,984 [INFO] go2_survey.ntrip: Connected to NTRIP mountpoint: MP22385
2026-06-16 10:25:39,986 [INFO] go2_survey.gps: NTRIP: connected via primary mountpoint MP22385 (took 0s, 1 attempt(s))
2026-06-16 10:25:39,988 [INFO] go2_survey.ntrip: Started RTCM correction stream
2026-06-16 10:25:39,988 [INFO] go2_survey.gps: NTRIP reconnect: stream restored
2026-06-16 10:25:40,607 [INFO] go2_survey.gps: wait_for_fix: RTCM flow restored; re-arming stall-reconnect trigger
2026-06-16 10:25:47,555 [INFO] go2_survey.gps: RTK Fixed achieved! Lat: 46.67529230, Lon: -114.00417080, h: 1200.23m, hMSL: 1217.96m hAcc: 0.017m pDOP: 1.13
2026-06-16 10:25:47,555 [INFO] go2_survey.gps: ============================================================
2026-06-16 10:25:47,556 [INFO] go2_survey.gps:  GPS RTK Fixed ACHIEVED | hAcc: 0.017m pDOP: 1.13 | rtcm_age=1.1s msgs=18 
2026-06-16 10:25:47,556 [INFO] go2_survey.gps: ============================================================
2026-06-16 10:25:47,745 [INFO] go2_survey.mission_runner: Start position: (46.67529220, -114.00417080) hAcc: 0.014m
2026-06-16 10:25:47,746 [INFO] go2_survey.mission_runner: ------------------------------------------------------------
2026-06-16 10:25:47,746 [INFO] go2_survey.mission_runner: ------------- PHASE 2: GPS STABILIZATION (60s) -------------
2026-06-16 10:25:47,746 [INFO] go2_survey.mission_runner: ------------------------------------------------------------
2026-06-16 10:25:47,746 [INFO] go2_survey.gps: ------------------------------------------------------------
2026-06-16 10:25:47,746 [INFO] go2_survey.gps:  DWELL: 60s — robot stationary, RTK soaking (early-exit on 3s trusted Fixed) 
2026-06-16 10:25:47,747 [INFO] go2_survey.gps: ------------------------------------------------------------
2026-06-16 10:25:51,348 [INFO] go2_survey.gps: ============================================================
2026-06-16 10:25:51,348 [INFO] go2_survey.gps:  DWELL EARLY EXIT | best=RTK Fixed min_hAcc=0.014m | mean hAcc=0.014m sats=28.0 | TTFloat=0s TTFixed=0s | early@4s/60s (held trusted Fixed 3s) 
2026-06-16 10:25:51,349 [INFO] go2_survey.gps: ============================================================
2026-06-16 10:25:51,349 [INFO] go2_survey.mission_runner: ------------------------------------------------------------
2026-06-16 10:25:51,349 [INFO] go2_survey.mission_runner: ---------------------- PHASE 3: ROBOT ----------------------
2026-06-16 10:25:51,349 [INFO] go2_survey.mission_runner: ------------------------------------------------------------
2026-06-16 10:25:51,350 [INFO] go2_survey.robot: Connecting via LocalSTA (IP: 10.111.114.5)
2026-06-16 10:25:51,485 [INFO] root: Creating offer...
2026-06-16 10:25:51,996 [INFO] root: Track received: audio
2026-06-16 10:25:51,997 [INFO] root: Track received: video
2026-06-16 10:26:06,997 [ERROR] go2_survey.robot: Failed to connect to robot: Data channel setup timed out after 15s — the WebRTC peer never reached `connected` (peer=connecting, ice=checking). This usually means ICE/DTLS failed — another WebRTC client is probably holding the slot, the network is flaky, or a stale peer on the robot hasn't been released yet. Try again in 10–20 s, or kill any other connected client (mobile apk, second script).
2026-06-16 10:26:06,999 [ERROR] go2_survey.mission_runner: Failed to connect to robot
2026-06-16 10:26:06,999 [INFO] go2_survey.robot: Stopping robot
2026-06-16 10:26:07,003 [INFO] go2_survey.ntrip: RTCM correction worker stopped
2026-06-16 10:26:07,004 [INFO] go2_survey.ntrip: Disconnected from NTRIP. Forwarded 62 messages.
2026-06-16 10:26:07,006 [INFO] go2_survey.gps: GPS connection closed
2026-06-16 10:26:07,006 [INFO] go2_survey.mission_runner: Connections closed
