2026-06-16 10:53:16,159 [INFO] go2_survey.cli: go2-survey v0.32.0 | git 473cad6 | run dir: /media/mpg-robodog/KINGSTON1/multimodal_survey/missions/site_1/strip_3/runs/strip_3_2026-06-16_10-53-16
2026-06-16 10:53:16,159 [INFO] go2_survey.cli: Logging to: /media/mpg-robodog/KINGSTON1/multimodal_survey/missions/site_1/strip_3/runs/strip_3_2026-06-16_10-53-16/main.log (+ imu.log, gps.log)
2026-06-16 10:53:16,160 [INFO] go2_survey.cli: Mission dir: /media/mpg-robodog/KINGSTON1/multimodal_survey/missions/site_1/strip_3
2026-06-16 10:53:16,162 [INFO] go2_survey.mission_runner: ============================================================
2026-06-16 10:53:16,162 [INFO] go2_survey.mission_runner: ================= MISSION: site_1_strip_3 ==================
2026-06-16 10:53:16,162 [INFO] go2_survey.mission_runner: ============================================================
2026-06-16 10:53:16,162 [INFO] go2_survey.mission_runner: Lawnmower line survey of site 1, strip 3: the strip polygon boxified to a 150 m × 20 m grid — 4 identical 150.3 m legs at exact 5 m spacing along the strip axis (auto bearing 113.4°), starting at the southern corner, walked at 1 m/s, capturing a clean frame every 1 m of along-track travel (~600 frames over ~601 m of survey legs), steered by cross_track (GPS-course pure pursuit). Waypoints generated from seed_poly.geojson (QGIS polygon, EPSG:6514).
2026-06-16 10:53:16,162 [INFO] go2_survey.mission_runner: ------------------------------------------------------------
2026-06-16 10:53:16,163 [INFO] go2_survey.mission_runner: ------------------------ MODE: nav -------------------------
2026-06-16 10:53:16,163 [INFO] go2_survey.mission_runner: ------------------------------------------------------------
2026-06-16 10:53:16,163 [INFO] go2_survey.waypoints: Loaded 8 waypoints from /media/mpg-robodog/KINGSTON1/multimodal_survey/missions/site_1/strip_3/waypoints.geojson
2026-06-16 10:53:16,163 [INFO] go2_survey.mission_runner: Loaded 8 waypoint(s):
2026-06-16 10:53:16,163 [INFO] go2_survey.mission_runner:   1. wp_001: (46.67524945, -114.00504418)
2026-06-16 10:53:16,164 [INFO] go2_survey.mission_runner:   2. wp_002: (46.67651923, -114.00436793)
2026-06-16 10:53:16,164 [INFO] go2_survey.mission_runner:   3. wp_003: (46.67653472, -114.00442932)
2026-06-16 10:53:16,164 [INFO] go2_survey.mission_runner:   4. wp_004: (46.67526494, -114.00510557)
2026-06-16 10:53:16,164 [INFO] go2_survey.mission_runner:   5. wp_005: (46.67528043, -114.00516697)
2026-06-16 10:53:16,164 [INFO] go2_survey.mission_runner:   6. wp_006: (46.67655021, -114.00449071)
2026-06-16 10:53:16,164 [INFO] go2_survey.mission_runner:   7. wp_007: (46.67656570, -114.00455210)
2026-06-16 10:53:16,164 [INFO] go2_survey.mission_runner:   8. wp_008: (46.67529592, -114.00522836)
2026-06-16 10:53:16,164 [INFO] go2_survey.mission_runner: GPS: /dev/ttyACM0 @ 38400 | NTRIP: caster.emlid.com:2101 mountpoints=['MP22385', 'MP22385a'] | Robot: LocalSTA
2026-06-16 10:53:16,164 [INFO] go2_survey.mission_runner: Nav: tol=0.25m vmax=1.0m/s rot=0.8rad/s minFix=4 maxHacc=0.1m
2026-06-16 10:53:16,165 [INFO] go2_survey.mission_runner: ------------------------------------------------------------
2026-06-16 10:53:16,165 [INFO] go2_survey.mission_runner:  AUTO-DISCOVERING ROBOT IP (up to 4 attempts, 10s between) -
2026-06-16 10:53:16,165 [INFO] go2_survey.mission_runner: ------------------------------------------------------------
2026-06-16 10:53:16,165 [INFO] go2_survey.mission_runner: robot.ip not set in mission.toml and ROBOT_IP env var not set; scanning local network for a Go2 (nmap ports 8081/9991)...
2026-06-16 10:53:16,165 [INFO] go2_survey.mission_runner: Discovery attempt 1/4: scanning for Go2 on ports 8081/9991...
2026-06-16 10:53:16,173 [INFO] go2_survey.discovery: Scanning 10.111.114.241/24 for Go2 ports 8081/9991...
2026-06-16 10:53:18,692 [INFO] go2_survey.mission_runner: Discovery attempt 1: found Go2 at 10.111.114.5
2026-06-16 10:53:18,694 [INFO] go2_survey.mission_runner: ------------------------------------------------------------
2026-06-16 10:53:18,694 [INFO] go2_survey.mission_runner: ------------ ROBOT IP DISCOVERED | 10.111.114.5 ------------
2026-06-16 10:53:18,694 [INFO] go2_survey.mission_runner: ------------------------------------------------------------
2026-06-16 10:53:18,694 [INFO] go2_survey.mission_runner: ------------------------------------------------------------
2026-06-16 10:53:18,695 [INFO] go2_survey.mission_runner: ----------------------- PHASE 1: GPS -----------------------
2026-06-16 10:53:18,695 [INFO] go2_survey.mission_runner: ------------------------------------------------------------
2026-06-16 10:53:18,697 [INFO] go2_survey.gps: Connected to GPS on /dev/ttyACM0 @ 38400 baud
2026-06-16 10:53:18,697 [INFO] go2_survey.gps: NTRIP: trying primary mountpoint MP22385 (1/2, attempt 1/3)
2026-06-16 10:53:18,698 [INFO] go2_survey.ntrip: Connecting to NTRIP caster at caster.emlid.com:2101
2026-06-16 10:53:19,728 [INFO] go2_survey.ntrip: Connected to NTRIP mountpoint: MP22385
2026-06-16 10:53:19,730 [INFO] go2_survey.gps: NTRIP: connected via primary mountpoint MP22385 (took 1s, 1 attempt(s))
2026-06-16 10:53:19,732 [INFO] go2_survey.ntrip: Started RTCM correction stream
2026-06-16 10:53:19,732 [INFO] go2_survey.gps: Waiting for GPS fix (min type 4, NTRIP state=connected)...
2026-06-16 10:53:19,734 [WARNING] go2_survey.gps: wait_for_fix: RTCM stalled (state=connected, rtcm_age=∞, alive=True) — firing reconnect_ntrip_async()
2026-06-16 10:53:19,735 [INFO] go2_survey.ntrip: RTCM correction worker stopped
2026-06-16 10:53:19,736 [INFO] go2_survey.ntrip: Disconnected from NTRIP. Forwarded 0 messages.
2026-06-16 10:53:19,736 [INFO] go2_survey.gps: NTRIP reconnect: starting retry loop
2026-06-16 10:53:19,736 [INFO] go2_survey.gps: NTRIP: trying primary mountpoint MP22385 (1/2, attempt 1/3)
2026-06-16 10:53:19,736 [INFO] go2_survey.ntrip: Connecting to NTRIP caster at caster.emlid.com:2101
2026-06-16 10:53:20,111 [INFO] go2_survey.ntrip: Connected to NTRIP mountpoint: MP22385
2026-06-16 10:53:20,111 [INFO] go2_survey.gps: NTRIP: connected via primary mountpoint MP22385 (took 0s, 1 attempt(s))
2026-06-16 10:53:20,112 [INFO] go2_survey.ntrip: Started RTCM correction stream
2026-06-16 10:53:20,112 [INFO] go2_survey.gps: NTRIP reconnect: stream restored
2026-06-16 10:53:20,811 [INFO] go2_survey.gps: RTK Fixed achieved! Lat: 46.67517030, Lon: -114.00494860, h: 1194.71m, hMSL: 1212.44m hAcc: 0.014m pDOP: 1.02
2026-06-16 10:53:20,812 [INFO] go2_survey.gps: ============================================================
2026-06-16 10:53:20,812 [INFO] go2_survey.gps:  GPS RTK Fixed ACHIEVED | hAcc: 0.014m pDOP: 1.02 | rtcm_age=0.5s msgs=4 
2026-06-16 10:53:20,812 [INFO] go2_survey.gps: ============================================================
2026-06-16 10:53:20,916 [INFO] go2_survey.mission_runner: Start position: (46.67517030, -114.00494860) hAcc: 0.014m
2026-06-16 10:53:20,917 [INFO] go2_survey.mission_runner: ------------------------------------------------------------
2026-06-16 10:53:20,917 [INFO] go2_survey.mission_runner: ------------- PHASE 2: GPS STABILIZATION (60s) -------------
2026-06-16 10:53:20,917 [INFO] go2_survey.mission_runner: ------------------------------------------------------------
2026-06-16 10:53:20,917 [INFO] go2_survey.gps: ------------------------------------------------------------
2026-06-16 10:53:20,917 [INFO] go2_survey.gps:  DWELL: 60s — robot stationary, RTK soaking (early-exit on 3s trusted Fixed) 
2026-06-16 10:53:20,918 [INFO] go2_survey.gps: ------------------------------------------------------------
2026-06-16 10:53:24,518 [INFO] go2_survey.gps: ============================================================
2026-06-16 10:53:24,519 [INFO] go2_survey.gps:  DWELL EARLY EXIT | best=RTK Fixed min_hAcc=0.014m | mean hAcc=0.014m sats=32.0 | TTFloat=0s TTFixed=0s | early@4s/60s (held trusted Fixed 3s) 
2026-06-16 10:53:24,519 [INFO] go2_survey.gps: ============================================================
2026-06-16 10:53:24,519 [INFO] go2_survey.mission_runner: ------------------------------------------------------------
2026-06-16 10:53:24,519 [INFO] go2_survey.mission_runner: ---------------------- PHASE 3: ROBOT ----------------------
2026-06-16 10:53:24,519 [INFO] go2_survey.mission_runner: ------------------------------------------------------------
2026-06-16 10:53:24,520 [INFO] go2_survey.robot: Connecting via LocalSTA (IP: 10.111.114.5)
2026-06-16 10:53:24,585 [INFO] root: Creating offer...
2026-06-16 10:53:24,926 [INFO] root: Track received: audio
2026-06-16 10:53:24,927 [INFO] root: Track received: video
2026-06-16 10:53:25,136 [INFO] root: Received message on data channel: {"type":"validation","data":"CuXFcQjbBZvBPhh3fRI"}
2026-06-16 10:53:25,137 [INFO] root: Data channel opened
2026-06-16 10:53:25,138 [INFO] root: > message sent: {"type": "validation", "topic": "", "data": "5eiKZ3HQdZ4CwEgJiK/r3g=="}
2026-06-16 10:53:25,146 [INFO] root: Received message on data channel: {"type":"validation", "data":"Validation Ok."}
2026-06-16 10:53:25,146 [INFO] root: Validation succeed
2026-06-16 10:53:25,147 [INFO] root: Received message on data channel: {"type":"errors","data":[]}
2026-06-16 10:53:25,229 [INFO] go2_survey.robot: WebRTC connected
2026-06-16 10:53:25,230 [INFO] root: > message sent: {"type": "req", "topic": "rt/api/motion_switcher/request", "data": {"header": {"identity": {"id": 1364861726, "api_id": 1001}}, "parameter": ""}}
2026-06-16 10:53:25,258 [INFO] root: Received message on data channel: {"type":"res","topic":"rt/api/motion_switcher/response","data":{"header":{"identity":{"api_id":1001,"id":1364861726},"status":{"code":0}},"data":"{\"form\":\"0\",\"name\":\"mcf\"}"}}
2026-06-16 10:53:25,259 [INFO] go2_survey.robot: Robot API ready
2026-06-16 10:53:25,260 [INFO] go2_survey.robot: Subscribed to sport mode state (IMU)
2026-06-16 10:53:25,260 [INFO] root: > message sent: {"type": "subscribe", "topic": "rt/lf/lowstate"}
2026-06-16 10:53:25,260 [INFO] go2_survey.robot: Subscribed to low state (battery)
2026-06-16 10:53:25,260 [INFO] root: > message sent: {"type": "req", "topic": "rt/api/motion_switcher/request", "data": {"header": {"identity": {"id": 1364861424, "api_id": 1001}}, "parameter": ""}}
2026-06-16 10:53:25,282 [INFO] root: Received message on data channel: {"type":"res","topic":"rt/api/motion_switcher/response","data":{"header":{"identity":{"api_id":1001,"id":1364861424},"status":{"code":0}},"data":"{\"form\":\"0\",\"name\":\"mcf\"}"}}
2026-06-16 10:53:25,283 [INFO] go2_survey.robot: Current motion mode: mcf
2026-06-16 10:53:25,283 [INFO] go2_survey.robot: Switching to normal mode...
2026-06-16 10:53:25,283 [INFO] root: > message sent: {"type": "req", "topic": "rt/api/motion_switcher/request", "data": {"header": {"identity": {"id": 1364861364, "api_id": 1002}}, "parameter": "{\"name\": \"normal\"}"}}
2026-06-16 10:53:25,293 [INFO] root: Received message on data channel: {"type":"res","topic":"rt/api/motion_switcher/response","data":{"header":{"identity":{"api_id":1002,"id":1364861364},"status":{"code":7004}},"data":""}}
2026-06-16 10:53:25,896 [INFO] root: Received message on data channel: {"type":"msg","topic":"rt/lf/lowstate","data":{"imu_state":{"rpy":[-0.138254,0.046485,-2.978641]},"motor_state":[{"q":-0.029346,"temperature":39,"lost":0,"reserve":[0,597]},{"q":0.792317,"temperature":49,"lost":9,"reserve":[0,597]},{"q":-1.562629,"temperature":51,"lost":5,"reserve":[0,597]},{"q":-0.070781,"temperature":41,"lost":5,"reserve":[0,597]},{"q":0.639597,"temperature":53,"lost":8,"reserve":[0,597]},{"q":-1.624064,"temperature":53,"lost":5,"reserve":[0,597]},{"q":-0.042098,"temperature":40,"lost":14,"reserve":[0,597]},{"q":0.578158,"temperature":53,"lost":5,"reserve":[0,597]},{"q":-1.596372,"temperature":53,"lost":0,"reserve":[0,597]},{"q":0.037557,"temperature":44,"lost":5,"reserve":[0,597]},{"q":0.666538,"temperature":46,"lost":6,"reserve":[0,597]},{"q":-1.575820,"temperature":53,"lost":0,"reserve":[0,597]},{"q":0,"temperature":0,"lost":0,"reserve":[0,0]},{"q":0,"temperature":0,"lost":0,"reserve":[0,0]},{"q":0,"temperature":0,"lost":0,"reserve":[0,0]},{"q":0,"temperature":0,"lost":0,"reserve":[0,0]},{"q":0,"temperature":0,"lost":0,"reserve":[0,0]},{"q":0,"temperature":0,"lost":0,"reserve":[0,0]},{"q":0,"temperature":0,"lost":0,"reserve":[0,0]},{"q":0,"temperature":0,"lost":0,"reserve":[0,0]}],"bms_state":{"version_high":1,"version_low":18,"soc":69,"current":-4058,"cycle":3,"bq_ntc":[27,28],"mcu_ntc":[33,30]},"foot_force":[53,42,42,64],"temperature_ntc1":45,"power_v":29.535114}}
2026-06-16 10:53:26,147 [INFO] root: > message sent: {"type": "rtc_inner_req", "topic": "", "data": {"req_type": "public_network_status", "uuid": "44259d11-819a-4a09-9ff9-ce1e40fefa4d"}}
2026-06-16 10:53:26,156 [INFO] root: Received message on data channel: {"type":"rtc_inner_req","info":{"req_type":"public_network_status","status":"Undefined","uuid":"44259d11-819a-4a09-9ff9-ce1e40fefa4d"}}
2026-06-16 10:53:26,156 [INFO] root: Network status message received.
2026-06-16 10:53:26,657 [INFO] root: > message sent: {"type": "rtc_inner_req", "topic": "", "data": {"req_type": "public_network_status", "uuid": "7b9d5967-0b8b-4582-8924-3d4c08b08268"}}
2026-06-16 10:53:26,664 [INFO] root: Received message on data channel: {"type":"rtc_inner_req","info":{"req_type":"public_network_status","status":"Undefined","uuid":"7b9d5967-0b8b-4582-8924-3d4c08b08268"}}
2026-06-16 10:53:26,664 [INFO] root: Network status message received.
2026-06-16 10:53:26,896 [INFO] root: Received message on data channel: {"type":"msg","topic":"rt/lf/lowstate","data":{"imu_state":{"rpy":[-0.138257,0.046836,-2.978499]},"motor_state":[{"q":-0.029377,"temperature":39,"lost":0,"reserve":[0,594]},{"q":0.792256,"temperature":49,"lost":9,"reserve":[0,594]},{"q":-1.562661,"temperature":51,"lost":5,"reserve":[0,594]},{"q":-0.070842,"temperature":41,"lost":5,"reserve":[0,594]},{"q":0.639536,"temperature":53,"lost":8,"reserve":[0,594]},{"q":-1.624048,"temperature":53,"lost":5,"reserve":[0,594]},{"q":-0.042159,"temperature":40,"lost":14,"reserve":[0,594]},{"q":0.577977,"temperature":53,"lost":5,"reserve":[0,594]},{"q":-1.596372,"temperature":53,"lost":0,"reserve":[0,594]},{"q":0.037587,"temperature":44,"lost":5,"reserve":[0,594]},{"q":0.666508,"temperature":46,"lost":6,"reserve":[0,594]},{"q":-1.575836,"temperature":53,"lost":0,"reserve":[0,594]},{"q":0,"temperature":0,"lost":0,"reserve":[0,0]},{"q":0,"temperature":0,"lost":0,"reserve":[0,0]},{"q":0,"temperature":0,"lost":0,"reserve":[0,0]},{"q":0,"temperature":0,"lost":0,"reserve":[0,0]},{"q":0,"temperature":0,"lost":0,"reserve":[0,0]},{"q":0,"temperature":0,"lost":0,"reserve":[0,0]},{"q":0,"temperature":0,"lost":0,"reserve":[0,0]},{"q":0,"temperature":0,"lost":0,"reserve":[0,0]}],"bms_state":{"version_high":1,"version_low":18,"soc":69,"current":-4020,"cycle":3,"bq_ntc":[27,28],"mcu_ntc":[33,30]},"foot_force":[53,42,42,64],"temperature_ntc1":45,"power_v":29.535114}}
2026-06-16 10:53:27,147 [INFO] root: > message sent: {"type": "heartbeat", "topic": "", "data": {"timeInStr": "2026-06-16 10:53:27", "timeInNum": 1781628807}}
2026-06-16 10:53:27,156 [INFO] root: Received message on data channel: {"type":"heartbeat"}
2026-06-16 10:53:27,156 [INFO] root: Heartbeat response received.
2026-06-16 10:53:27,167 [INFO] root: > message sent: {"type": "rtc_inner_req", "topic": "", "data": {"req_type": "public_network_status", "uuid": "fcb7ae6f-6d8f-41b0-bd4c-66bea9ababed"}}
2026-06-16 10:53:27,174 [INFO] root: Received message on data channel: {"type":"rtc_inner_req","info":{"req_type":"public_network_status","status":"Undefined","uuid":"fcb7ae6f-6d8f-41b0-bd4c-66bea9ababed"}}
2026-06-16 10:53:27,174 [INFO] root: Network status message received.
2026-06-16 10:53:27,676 [INFO] root: > message sent: {"type": "rtc_inner_req", "topic": "", "data": {"req_type": "public_network_status", "uuid": "73670f51-3f61-4e9b-81c1-20b7b4f44b3f"}}
2026-06-16 10:53:27,686 [INFO] root: Received message on data channel: {"type":"rtc_inner_req","info":{"req_type":"public_network_status","status":"Undefined","uuid":"73670f51-3f61-4e9b-81c1-20b7b4f44b3f"}}
2026-06-16 10:53:27,686 [INFO] root: Network status message received.
2026-06-16 10:53:27,897 [INFO] root: Received message on data channel: {"type":"msg","topic":"rt/lf/lowstate","data":{"imu_state":{"rpy":[-0.138394,0.046734,-2.978806]},"motor_state":[{"q":-0.029225,"temperature":39,"lost":0,"reserve":[0,592]},{"q":0.792044,"temperature":49,"lost":9,"reserve":[0,592]},{"q":-1.562613,"temperature":51,"lost":5,"reserve":[0,592]},{"q":-0.070691,"temperature":41,"lost":5,"reserve":[0,592]},{"q":0.639506,"temperature":53,"lost":8,"reserve":[0,592]},{"q":-1.624048,"temperature":53,"lost":5,"reserve":[0,592]},{"q":-0.042159,"temperature":40,"lost":14,"reserve":[0,592]},{"q":0.577795,"temperature":53,"lost":5,"reserve":[0,592]},{"q":-1.596372,"temperature":53,"lost":0,"reserve":[0,592]},{"q":0.037587,"temperature":44,"lost":5,"reserve":[0,592]},{"q":0.666538,"temperature":46,"lost":6,"reserve":[0,592]},{"q":-1.575836,"temperature":53,"lost":0,"reserve":[0,592]},{"q":0,"temperature":0,"lost":0,"reserve":[0,0]},{"q":0,"temperature":0,"lost":0,"reserve":[0,0]},{"q":0,"temperature":0,"lost":0,"reserve":[0,0]},{"q":0,"temperature":0,"lost":0,"reserve":[0,0]},{"q":0,"temperature":0,"lost":0,"reserve":[0,0]},{"q":0,"temperature":0,"lost":0,"reserve":[0,0]},{"q":0,"temperature":0,"lost":0,"reserve":[0,0]},{"q":0,"temperature":0,"lost":0,"reserve":[0,0]}],"bms_state":{"version_high":1,"version_low":18,"soc":69,"current":-4025,"cycle":3,"bq_ntc":[27,28],"mcu_ntc":[33,30]},"foot_force":[53,42,42,64],"temperature_ntc1":45,"power_v":29.535114}}
2026-06-16 10:53:28,187 [INFO] root: > message sent: {"type": "rtc_inner_req", "topic": "", "data": {"req_type": "public_network_status", "uuid": "8a45c3c0-b8ec-43a6-9535-cf412059f62d"}}
2026-06-16 10:53:28,200 [INFO] root: Received message on data channel: {"type":"rtc_inner_req","info":{"req_type":"public_network_status","status":"Undefined","uuid":"8a45c3c0-b8ec-43a6-9535-cf412059f62d"}}
2026-06-16 10:53:28,201 [INFO] root: Network status message received.
2026-06-16 10:53:28,702 [INFO] root: > message sent: {"type": "rtc_inner_req", "topic": "", "data": {"req_type": "public_network_status", "uuid": "8379b062-3eca-43b2-9bc3-399ab780ca3f"}}
2026-06-16 10:53:28,732 [INFO] root: Received message on data channel: {"type":"rtc_inner_req","info":{"req_type":"public_network_status","status":"NetworkStatus.ON_WIFI_CONNECTED","uuid":"8379b062-3eca-43b2-9bc3-399ab780ca3f"}}
2026-06-16 10:53:28,732 [INFO] root: Network status message received.
2026-06-16 10:53:28,899 [INFO] root: Received message on data channel: {"type":"msg","topic":"rt/lf/lowstate","data":{"imu_state":{"rpy":[-0.138571,0.046830,-2.978909]},"motor_state":[{"q":-0.029316,"temperature":39,"lost":0,"reserve":[0,595]},{"q":0.792105,"temperature":49,"lost":9,"reserve":[0,595]},{"q":-1.562629,"temperature":51,"lost":5,"reserve":[0,595]},{"q":-0.070751,"temperature":41,"lost":5,"reserve":[0,595]},{"q":0.639445,"temperature":53,"lost":8,"reserve":[0,595]},{"q":-1.624048,"temperature":53,"lost":5,"reserve":[0,595]},{"q":-0.042098,"temperature":40,"lost":14,"reserve":[0,595]},{"q":0.577977,"temperature":53,"lost":5,"reserve":[0,595]},{"q":-1.596356,"temperature":53,"lost":0,"reserve":[0,595]},{"q":0.037587,"temperature":44,"lost":5,"reserve":[0,595]},{"q":0.666478,"temperature":46,"lost":6,"reserve":[0,595]},{"q":-1.575836,"temperature":53,"lost":0,"reserve":[0,595]},{"q":0,"temperature":0,"lost":0,"reserve":[0,0]},{"q":0,"temperature":0,"lost":0,"reserve":[0,0]},{"q":0,"temperature":0,"lost":0,"reserve":[0,0]},{"q":0,"temperature":0,"lost":0,"reserve":[0,0]},{"q":0,"temperature":0,"lost":0,"reserve":[0,0]},{"q":0,"temperature":0,"lost":0,"reserve":[0,0]},{"q":0,"temperature":0,"lost":0,"reserve":[0,0]},{"q":0,"temperature":0,"lost":0,"reserve":[0,0]}],"bms_state":{"version_high":1,"version_low":18,"soc":69,"current":-3974,"cycle":3,"bq_ntc":[27,28],"mcu_ntc":[33,30]},"foot_force":[53,42,42,64],"temperature_ntc1":45,"power_v":29.526260}}
2026-06-16 10:53:29,149 [INFO] root: > message sent: {"type": "heartbeat", "topic": "", "data": {"timeInStr": "2026-06-16 10:53:29", "timeInNum": 1781628809}}
2026-06-16 10:53:29,155 [INFO] root: Received message on data channel: {"type":"heartbeat"}
2026-06-16 10:53:29,156 [INFO] root: Heartbeat response received.
2026-06-16 10:53:29,896 [INFO] root: Received message on data channel: {"type":"msg","topic":"rt/lf/lowstate","data":{"imu_state":{"rpy":[-0.138611,0.046971,-2.978918]},"motor_state":[{"q":-0.029316,"temperature":39,"lost":0,"reserve":[0,591]},{"q":0.792196,"temperature":49,"lost":9,"reserve":[0,591]},{"q":-1.562629,"temperature":51,"lost":5,"reserve":[0,591]},{"q":-0.070751,"temperature":41,"lost":5,"reserve":[0,591]},{"q":0.639506,"temperature":53,"lost":8,"reserve":[0,591]},{"q":-1.624064,"temperature":53,"lost":5,"reserve":[0,591]},{"q":-0.042098,"temperature":40,"lost":14,"reserve":[0,591]},{"q":0.578098,"temperature":53,"lost":5,"reserve":[0,591]},{"q":-1.596388,"temperature":53,"lost":0,"reserve":[0,591]},{"q":0.037587,"temperature":44,"lost":5,"reserve":[0,591]},{"q":0.666448,"temperature":46,"lost":6,"reserve":[0,591]},{"q":-1.575836,"temperature":53,"lost":0,"reserve":[0,591]},{"q":0,"temperature":0,"lost":0,"reserve":[0,0]},{"q":0,"temperature":0,"lost":0,"reserve":[0,0]},{"q":0,"temperature":0,"lost":0,"reserve":[0,0]},{"q":0,"temperature":0,"lost":0,"reserve":[0,0]},{"q":0,"temperature":0,"lost":0,"reserve":[0,0]},{"q":0,"temperature":0,"lost":0,"reserve":[0,0]},{"q":0,"temperature":0,"lost":0,"reserve":[0,0]},{"q":0,"temperature":0,"lost":0,"reserve":[0,0]}],"bms_state":{"version_high":1,"version_low":18,"soc":69,"current":-4018,"cycle":3,"bq_ntc":[27,28],"mcu_ntc":[33,30]},"foot_force":[53,42,42,64],"temperature_ntc1":45,"power_v":29.526260}}
2026-06-16 10:53:30,294 [INFO] go2_survey.robot: BalanceStand...
2026-06-16 10:53:30,295 [INFO] root: > message sent: {"type": "req", "topic": "rt/api/sport/request", "data": {"header": {"identity": {"id": 1364867076, "api_id": 1002}}, "parameter": ""}}
2026-06-16 10:53:30,307 [INFO] root: Received message on data channel: {"type":"res","topic":"rt/api/sport/response","data":{"header":{"identity":{"api_id":1002,"id":1364867076},"status":{"code":0}},"data":""}}
2026-06-16 10:53:30,897 [INFO] root: Received message on data channel: {"type":"msg","topic":"rt/lf/lowstate","data":{"imu_state":{"rpy":[-0.138765,0.047227,-2.979229]},"motor_state":[{"q":-0.029316,"temperature":39,"lost":0,"reserve":[0,593]},{"q":0.792075,"temperature":49,"lost":9,"reserve":[0,593]},{"q":-1.562661,"temperature":51,"lost":5,"reserve":[0,593]},{"q":-0.070721,"temperature":41,"lost":5,"reserve":[0,593]},{"q":0.639476,"temperature":53,"lost":8,"reserve":[0,593]},{"q":-1.624064,"temperature":53,"lost":5,"reserve":[0,593]},{"q":-0.042098,"temperature":40,"lost":14,"reserve":[0,593]},{"q":0.577977,"temperature":53,"lost":5,"reserve":[0,593]},{"q":-1.596388,"temperature":53,"lost":0,"reserve":[0,593]},{"q":0.037587,"temperature":44,"lost":5,"reserve":[0,593]},{"q":0.666478,"temperature":46,"lost":6,"reserve":[0,593]},{"q":-1.575851,"temperature":53,"lost":0,"reserve":[0,593]},{"q":0,"temperature":0,"lost":0,"reserve":[0,0]},{"q":0,"temperature":0,"lost":0,"reserve":[0,0]},{"q":0,"temperature":0,"lost":0,"reserve":[0,0]},{"q":0,"temperature":0,"lost":0,"reserve":[0,0]},{"q":0,"temperature":0,"lost":0,"reserve":[0,0]},{"q":0,"temperature":0,"lost":0,"reserve":[0,0]},{"q":0,"temperature":0,"lost":0,"reserve":[0,0]},{"q":0,"temperature":0,"lost":0,"reserve":[0,0]}],"bms_state":{"version_high":1,"version_low":18,"soc":69,"current":-4056,"cycle":3,"bq_ntc":[27,28],"mcu_ntc":[33,30]},"foot_force":[53,42,42,64],"temperature_ntc1":45,"power_v":29.535114}}
2026-06-16 10:53:31,150 [INFO] root: > message sent: {"type": "heartbeat", "topic": "", "data": {"timeInStr": "2026-06-16 10:53:31", "timeInNum": 1781628811}}
2026-06-16 10:53:31,159 [INFO] root: Received message on data channel: {"type":"heartbeat"}
2026-06-16 10:53:31,159 [INFO] root: Heartbeat response received.
2026-06-16 10:53:31,308 [INFO] go2_survey.mission_runner: ------------------------------------------------------------
2026-06-16 10:53:31,308 [INFO] go2_survey.mission_runner: ----------- BATTERY AT START: 69% | 29.5V | 28°C -----------
2026-06-16 10:53:31,308 [INFO] go2_survey.mission_runner: ------------------------------------------------------------
2026-06-16 10:53:31,309 [INFO] go2_survey.mission_runner: ------------------------------------------------------------
2026-06-16 10:53:31,309 [INFO] go2_survey.mission_runner: -------------- CAPTURE STRATEGY: line_survey ---------------
2026-06-16 10:53:31,310 [INFO] go2_survey.mission_runner: ------------------------------------------------------------
2026-06-16 10:53:31,310 [INFO] go2_survey.robot: ------------------------------------------------------------
2026-06-16 10:53:31,310 [INFO] go2_survey.robot: ------------------ ENABLING VIDEO CHANNEL ------------------
2026-06-16 10:53:31,310 [INFO] go2_survey.robot: ------------------------------------------------------------
2026-06-16 10:53:31,310 [INFO] root: > message sent: {"type": "vid", "topic": "", "data": "on"}
2026-06-16 10:53:31,311 [INFO] go2_survey.robot: Video channel turned on; waiting for first frame
2026-06-16 10:53:31,311 [INFO] go2_survey.mission_runner: ------------------------------------------------------------
2026-06-16 10:53:31,311 [INFO] go2_survey.mission_runner: ------------- PHASE 4: NAVIGATE 8 WAYPOINT(S) --------------
2026-06-16 10:53:31,311 [INFO] go2_survey.mission_runner: ------------------------------------------------------------
2026-06-16 10:53:31,312 [INFO] go2_survey.navigator: ============================================================
2026-06-16 10:53:31,312 [INFO] go2_survey.navigator:  LINE SURVEY | 8 corners / 7 legs | 1.00m/s | capture every 1.0m 
2026-06-16 10:53:31,312 [INFO] go2_survey.navigator: ============================================================
2026-06-16 10:53:31,915 [ERROR] go2_survey.navigator: No quality GPS fix at line-survey start
2026-06-16 10:53:31,918 [INFO] go2_survey.bearings: finalize_bearings: no line-survey captures in /media/mpg-robodog/KINGSTON1/multimodal_survey/missions/site_1/strip_3/runs/strip_3_2026-06-16_10-53-16/captures
2026-06-16 10:53:31,918 [ERROR] go2_survey.mission_runner: Line-survey route failed
2026-06-16 10:53:31,919 [INFO] go2_survey.mission_runner: ------------------------------------------------------------
2026-06-16 10:53:31,920 [INFO] go2_survey.mission_runner: ---- BATTERY AT END: 69% | 29.5V | 28°C (+0% over run) -----
2026-06-16 10:53:31,920 [INFO] go2_survey.mission_runner: ------------------------------------------------------------
2026-06-16 10:53:31,920 [INFO] root: > message sent: {"type": "vid", "topic": "", "data": "off"}
2026-06-16 10:53:31,921 [INFO] go2_survey.robot: ------------------------------------------------------------
2026-06-16 10:53:31,921 [INFO] go2_survey.robot: -------------------- VIDEO CHANNEL OFF ---------------------
2026-06-16 10:53:31,921 [INFO] go2_survey.robot: ------------------------------------------------------------
2026-06-16 10:53:31,921 [INFO] go2_survey.robot: Stopping robot
2026-06-16 10:53:31,922 [INFO] root: > message sent: {"type": "req", "topic": "rt/api/sport/request", "data": {"header": {"identity": {"id": 1364867995, "api_id": 1003}}, "parameter": ""}}
2026-06-16 10:53:31,938 [INFO] root: Received message on data channel: {"type":"msg","topic":"rt/lf/lowstate","data":{"imu_state":{"rpy":[-0.138741,0.047099,-2.979289]},"motor_state":[{"q":-0.029346,"temperature":39,"lost":0,"reserve":[0,594]},{"q":0.792105,"temperature":49,"lost":9,"reserve":[0,594]},{"q":-1.562645,"temperature":51,"lost":5,"reserve":[0,594]},{"q":-0.070781,"temperature":41,"lost":5,"reserve":[0,594]},{"q":0.639445,"temperature":53,"lost":8,"reserve":[0,594]},{"q":-1.624032,"temperature":53,"lost":5,"reserve":[0,594]},{"q":-0.042098,"temperature":40,"lost":14,"reserve":[0,594]},{"q":0.577946,"temperature":51,"lost":5,"reserve":[0,594]},{"q":-1.596356,"temperature":53,"lost":0,"reserve":[0,594]},{"q":0.037587,"temperature":44,"lost":5,"reserve":[0,594]},{"q":0.666538,"temperature":46,"lost":6,"reserve":[0,594]},{"q":-1.575820,"temperature":53,"lost":0,"reserve":[0,594]},{"q":0,"temperature":0,"lost":0,"reserve":[0,0]},{"q":0,"temperature":0,"lost":0,"reserve":[0,0]},{"q":0,"temperature":0,"lost":0,"reserve":[0,0]},{"q":0,"temperature":0,"lost":0,"reserve":[0,0]},{"q":0,"temperature":0,"lost":0,"reserve":[0,0]},{"q":0,"temperature":0,"lost":0,"reserve":[0,0]},{"q":0,"temperature":0,"lost":0,"reserve":[0,0]},{"q":0,"temperature":0,"lost":0,"reserve":[0,0]}],"bms_state":{"version_high":1,"version_low":18,"soc":69,"current":-4006,"cycle":3,"bq_ntc":[27,28],"mcu_ntc":[33,30]},"foot_force":[53,42,42,64],"temperature_ntc1":45,"power_v":29.526260}}
2026-06-16 10:53:31,939 [INFO] root: Received message on data channel: {"type":"res","topic":"rt/api/sport/response","data":{"header":{"identity":{"api_id":1003,"id":1364867995},"status":{"code":0}},"data":""}}
2026-06-16 10:53:31,944 [INFO] root: Data channel closed
2026-06-16 10:53:31,948 [INFO] go2_survey.ntrip: RTCM correction worker stopped
2026-06-16 10:53:31,948 [INFO] go2_survey.ntrip: Disconnected from NTRIP. Forwarded 26 messages.
2026-06-16 10:53:31,951 [INFO] go2_survey.gps: GPS connection closed
2026-06-16 10:53:31,952 [INFO] go2_survey.mission_runner: Connections closed
