2026-06-16 10:27:42,904 [INFO] go2_survey.cli: go2-survey v0.32.0 | git 473cad6 | run dir: /media/mpg-robodog/KINGSTON1/multimodal_survey/missions/site_1/strip_1/runs/strip_1_2026-06-16_10-27-42
2026-06-16 10:27:42,904 [INFO] go2_survey.cli: Logging to: /media/mpg-robodog/KINGSTON1/multimodal_survey/missions/site_1/strip_1/runs/strip_1_2026-06-16_10-27-42/main.log (+ imu.log, gps.log)
2026-06-16 10:27:42,904 [INFO] go2_survey.cli: Mission dir: /media/mpg-robodog/KINGSTON1/multimodal_survey/missions/site_1/strip_1
2026-06-16 10:27:42,907 [INFO] go2_survey.mission_runner: ============================================================
2026-06-16 10:27:42,907 [INFO] go2_survey.mission_runner: ================= MISSION: site_1_strip_1 ==================
2026-06-16 10:27:42,907 [INFO] go2_survey.mission_runner: ============================================================
2026-06-16 10:27:42,907 [INFO] go2_survey.mission_runner: Lawnmower line survey of site 1, strip 1: the strip polygon boxified to a 133 m × 20 m grid — 4 identical 132.6 m legs at exact 5 m spacing along the strip axis (auto bearing 116.8°), starting at the southern corner, walked at 1 m/s, capturing a clean frame every 1 m of along-track travel (~530 frames over ~530 m of survey legs), steered by cross_track (GPS-course pure pursuit). Waypoints generated from seed_poly.geojson (QGIS polygon, EPSG:6514).
2026-06-16 10:27:42,907 [INFO] go2_survey.mission_runner: ------------------------------------------------------------
2026-06-16 10:27:42,908 [INFO] go2_survey.mission_runner: ------------------------ MODE: nav -------------------------
2026-06-16 10:27:42,908 [INFO] go2_survey.mission_runner: ------------------------------------------------------------
2026-06-16 10:27:42,908 [INFO] go2_survey.waypoints: Loaded 8 waypoints from /media/mpg-robodog/KINGSTON1/multimodal_survey/missions/site_1/strip_1/waypoints.geojson
2026-06-16 10:27:42,908 [INFO] go2_survey.mission_runner: Loaded 8 waypoint(s):
2026-06-16 10:27:42,909 [INFO] go2_survey.mission_runner:   1. wp_001: (46.67531454, -114.00606456)
2026-06-16 10:27:42,909 [INFO] go2_survey.mission_runner:   2. wp_002: (46.67640849, -114.00537219)
2026-06-16 10:27:42,909 [INFO] go2_survey.mission_runner:   3. wp_003: (46.67642646, -114.00543213)
2026-06-16 10:27:42,909 [INFO] go2_survey.mission_runner:   4. wp_004: (46.67533252, -114.00612451)
2026-06-16 10:27:42,909 [INFO] go2_survey.mission_runner:   5. wp_005: (46.67535049, -114.00618445)
2026-06-16 10:27:42,909 [INFO] go2_survey.mission_runner:   6. wp_006: (46.67644444, -114.00549208)
2026-06-16 10:27:42,909 [INFO] go2_survey.mission_runner:   7. wp_007: (46.67646241, -114.00555202)
2026-06-16 10:27:42,909 [INFO] go2_survey.mission_runner:   8. wp_008: (46.67536846, -114.00624440)
2026-06-16 10:27:42,909 [INFO] go2_survey.mission_runner: GPS: /dev/ttyACM0 @ 38400 | NTRIP: caster.emlid.com:2101 mountpoints=['MP22385', 'MP22385a'] | Robot: LocalSTA
2026-06-16 10:27:42,910 [INFO] go2_survey.mission_runner: Nav: tol=0.25m vmax=1.0m/s rot=0.8rad/s minFix=4 maxHacc=0.1m
2026-06-16 10:27:42,910 [INFO] go2_survey.mission_runner: ------------------------------------------------------------
2026-06-16 10:27:42,910 [INFO] go2_survey.mission_runner:  AUTO-DISCOVERING ROBOT IP (up to 4 attempts, 10s between) -
2026-06-16 10:27:42,910 [INFO] go2_survey.mission_runner: ------------------------------------------------------------
2026-06-16 10:27:42,910 [INFO] go2_survey.mission_runner: robot.ip not set in mission.toml and ROBOT_IP env var not set; scanning local network for a Go2 (nmap ports 8081/9991)...
2026-06-16 10:27:42,910 [INFO] go2_survey.mission_runner: Discovery attempt 1/4: scanning for Go2 on ports 8081/9991...
2026-06-16 10:27:42,918 [INFO] go2_survey.discovery: Scanning 10.111.114.241/24 for Go2 ports 8081/9991...
2026-06-16 10:27:52,478 [INFO] go2_survey.mission_runner: Discovery attempt 1: found Go2 at 10.111.114.5
2026-06-16 10:27:52,480 [INFO] go2_survey.mission_runner: ------------------------------------------------------------
2026-06-16 10:27:52,480 [INFO] go2_survey.mission_runner: ------------ ROBOT IP DISCOVERED | 10.111.114.5 ------------
2026-06-16 10:27:52,480 [INFO] go2_survey.mission_runner: ------------------------------------------------------------
2026-06-16 10:27:52,480 [INFO] go2_survey.mission_runner: ------------------------------------------------------------
2026-06-16 10:27:52,480 [INFO] go2_survey.mission_runner: ----------------------- PHASE 1: GPS -----------------------
2026-06-16 10:27:52,481 [INFO] go2_survey.mission_runner: ------------------------------------------------------------
2026-06-16 10:27:52,483 [INFO] go2_survey.gps: Connected to GPS on /dev/ttyACM0 @ 38400 baud
2026-06-16 10:27:52,483 [INFO] go2_survey.gps: NTRIP: trying primary mountpoint MP22385 (1/2, attempt 1/3)
2026-06-16 10:27:52,484 [INFO] go2_survey.ntrip: Connecting to NTRIP caster at caster.emlid.com:2101
2026-06-16 10:27:52,859 [INFO] go2_survey.ntrip: Connected to NTRIP mountpoint: MP22385
2026-06-16 10:27:52,860 [INFO] go2_survey.gps: NTRIP: connected via primary mountpoint MP22385 (took 0s, 1 attempt(s))
2026-06-16 10:27:52,861 [INFO] go2_survey.ntrip: Started RTCM correction stream
2026-06-16 10:27:52,861 [INFO] go2_survey.gps: Waiting for GPS fix (min type 4, NTRIP state=connected)...
2026-06-16 10:27:52,863 [WARNING] go2_survey.gps: wait_for_fix: RTCM stalled (state=connected, rtcm_age=∞, alive=True) — firing reconnect_ntrip_async()
2026-06-16 10:27:52,865 [INFO] go2_survey.ntrip: RTCM correction worker stopped
2026-06-16 10:27:52,865 [INFO] go2_survey.ntrip: Disconnected from NTRIP. Forwarded 0 messages.
2026-06-16 10:27:52,866 [INFO] go2_survey.gps: NTRIP reconnect: starting retry loop
2026-06-16 10:27:52,866 [INFO] go2_survey.gps: NTRIP: trying primary mountpoint MP22385 (1/2, attempt 1/3)
2026-06-16 10:27:52,866 [INFO] go2_survey.ntrip: Connecting to NTRIP caster at caster.emlid.com:2101
2026-06-16 10:27:53,237 [INFO] go2_survey.ntrip: Connected to NTRIP mountpoint: MP22385
2026-06-16 10:27:53,239 [INFO] go2_survey.gps: NTRIP: connected via primary mountpoint MP22385 (took 0s, 1 attempt(s))
2026-06-16 10:27:53,240 [INFO] go2_survey.ntrip: Started RTCM correction stream
2026-06-16 10:27:53,241 [INFO] go2_survey.gps: NTRIP reconnect: stream restored
2026-06-16 10:27:54,965 [INFO] go2_survey.gps: wait_for_fix: RTCM flow restored; re-arming stall-reconnect trigger
2026-06-16 10:27:57,158 [INFO] go2_survey.gps: RTK Fixed achieved! Lat: 46.67529240, Lon: -114.00417070, h: 1200.16m, hMSL: 1217.89m hAcc: 0.014m pDOP: 1.01
2026-06-16 10:27:57,159 [INFO] go2_survey.gps: ============================================================
2026-06-16 10:27:57,159 [INFO] go2_survey.gps:  GPS RTK Fixed ACHIEVED | hAcc: 0.014m pDOP: 1.01 | rtcm_age=0.7s msgs=10 
2026-06-16 10:27:57,159 [INFO] go2_survey.gps: ============================================================
2026-06-16 10:27:57,352 [INFO] go2_survey.mission_runner: Start position: (46.67529240, -114.00417070) hAcc: 0.014m
2026-06-16 10:27:57,352 [INFO] go2_survey.mission_runner: ------------------------------------------------------------
2026-06-16 10:27:57,352 [INFO] go2_survey.mission_runner: ------------- PHASE 2: GPS STABILIZATION (60s) -------------
2026-06-16 10:27:57,352 [INFO] go2_survey.mission_runner: ------------------------------------------------------------
2026-06-16 10:27:57,353 [INFO] go2_survey.gps: ------------------------------------------------------------
2026-06-16 10:27:57,353 [INFO] go2_survey.gps:  DWELL: 60s — robot stationary, RTK soaking (early-exit on 3s trusted Fixed) 
2026-06-16 10:27:57,353 [INFO] go2_survey.gps: ------------------------------------------------------------
2026-06-16 10:28:00,811 [INFO] go2_survey.gps: ============================================================
2026-06-16 10:28:00,812 [INFO] go2_survey.gps:  DWELL EARLY EXIT | best=RTK Fixed min_hAcc=0.014m | mean hAcc=0.014m sats=30.0 | TTFloat=0s TTFixed=0s | early@3s/60s (held trusted Fixed 3s) 
2026-06-16 10:28:00,812 [INFO] go2_survey.gps: ============================================================
2026-06-16 10:28:00,812 [INFO] go2_survey.mission_runner: ------------------------------------------------------------
2026-06-16 10:28:00,812 [INFO] go2_survey.mission_runner: ---------------------- PHASE 3: ROBOT ----------------------
2026-06-16 10:28:00,812 [INFO] go2_survey.mission_runner: ------------------------------------------------------------
2026-06-16 10:28:00,813 [INFO] go2_survey.robot: Connecting via LocalSTA (IP: 10.111.114.5)
2026-06-16 10:28:00,887 [INFO] root: Creating offer...
2026-06-16 10:28:01,465 [INFO] root: Track received: audio
2026-06-16 10:28:01,466 [INFO] root: Track received: video
2026-06-16 10:28:01,677 [INFO] root: Received message on data channel: {"type":"validation","data":"pcxf0v5Txnl2piZ7fYU"}
2026-06-16 10:28:01,678 [INFO] root: Data channel opened
2026-06-16 10:28:01,679 [INFO] root: > message sent: {"type": "validation", "topic": "", "data": "joLEJ6DmA12d9ISDdBrDGA=="}
2026-06-16 10:28:01,686 [INFO] root: Received message on data channel: {"type":"validation", "data":"Validation Ok."}
2026-06-16 10:28:01,687 [INFO] root: Validation succeed
2026-06-16 10:28:01,688 [INFO] root: Received message on data channel: {"type":"errors","data":[]}
2026-06-16 10:28:01,771 [INFO] go2_survey.robot: WebRTC connected
2026-06-16 10:28:01,772 [INFO] root: > message sent: {"type": "req", "topic": "rt/api/motion_switcher/request", "data": {"header": {"identity": {"id": 1363338539, "api_id": 1001}}, "parameter": ""}}
2026-06-16 10:28:01,787 [INFO] root: Received message on data channel: {"type":"res","topic":"rt/api/motion_switcher/response","data":{"header":{"identity":{"api_id":1001,"id":1363338539},"status":{"code":0}},"data":"{\"form\":\"0\",\"name\":\"mcf\"}"}}
2026-06-16 10:28:01,787 [INFO] go2_survey.robot: Robot API ready
2026-06-16 10:28:01,788 [INFO] go2_survey.robot: Subscribed to sport mode state (IMU)
2026-06-16 10:28:01,788 [INFO] root: > message sent: {"type": "subscribe", "topic": "rt/lf/lowstate"}
2026-06-16 10:28:01,788 [INFO] go2_survey.robot: Subscribed to low state (battery)
2026-06-16 10:28:01,789 [INFO] root: > message sent: {"type": "req", "topic": "rt/api/motion_switcher/request", "data": {"header": {"identity": {"id": 1363337768, "api_id": 1001}}, "parameter": ""}}
2026-06-16 10:28:01,814 [INFO] root: Received message on data channel: {"type":"res","topic":"rt/api/motion_switcher/response","data":{"header":{"identity":{"api_id":1001,"id":1363337768},"status":{"code":0}},"data":"{\"form\":\"0\",\"name\":\"mcf\"}"}}
2026-06-16 10:28:01,814 [INFO] go2_survey.robot: Current motion mode: mcf
2026-06-16 10:28:01,814 [INFO] go2_survey.robot: Switching to normal mode...
2026-06-16 10:28:01,815 [INFO] root: > message sent: {"type": "req", "topic": "rt/api/motion_switcher/request", "data": {"header": {"identity": {"id": 1363338030, "api_id": 1002}}, "parameter": "{\"name\": \"normal\"}"}}
2026-06-16 10:28:01,823 [INFO] root: Received message on data channel: {"type":"res","topic":"rt/api/motion_switcher/response","data":{"header":{"identity":{"api_id":1002,"id":1363338030},"status":{"code":7004}},"data":""}}
2026-06-16 10:28:02,440 [INFO] root: Received message on data channel: {"type":"msg","topic":"rt/lf/lowstate","data":{"imu_state":{"rpy":[-0.063066,0.056470,-1.933696]},"motor_state":[{"q":0.029786,"temperature":27,"lost":0,"reserve":[0,614]},{"q":0.744327,"temperature":31,"lost":9,"reserve":[0,614]},{"q":-1.701848,"temperature":32,"lost":5,"reserve":[0,614]},{"q":0.006093,"temperature":30,"lost":5,"reserve":[0,614]},{"q":0.808303,"temperature":30,"lost":8,"reserve":[0,614]},{"q":-1.669401,"temperature":31,"lost":5,"reserve":[0,614]},{"q":0.051066,"temperature":27,"lost":14,"reserve":[0,614]},{"q":0.581701,"temperature":31,"lost":5,"reserve":[0,614]},{"q":-1.543373,"temperature":31,"lost":0,"reserve":[0,614]},{"q":-0.005589,"temperature":29,"lost":0,"reserve":[0,614]},{"q":0.833701,"temperature":30,"lost":6,"reserve":[0,614]},{"q":-1.505981,"temperature":32,"lost":0,"reserve":[0,614]},{"q":0,"temperature":0,"lost":0,"reserve":[0,0]},{"q":0,"temperature":0,"lost":0,"reserve":[0,0]},{"q":0,"temperature":0,"lost":0,"reserve":[0,0]},{"q":0,"temperature":0,"lost":0,"reserve":[0,0]},{"q":0,"temperature":0,"lost":0,"reserve":[0,0]},{"q":0,"temperature":0,"lost":0,"reserve":[0,0]},{"q":0,"temperature":0,"lost":0,"reserve":[0,0]},{"q":0,"temperature":0,"lost":0,"reserve":[0,0]}],"bms_state":{"version_high":1,"version_low":18,"soc":96,"current":-7334,"cycle":3,"bq_ntc":[22,22],"mcu_ntc":[26,23]},"foot_force":[90,90,89,90],"temperature_ntc1":35,"power_v":31.429752}}
2026-06-16 10:28:02,688 [INFO] root: > message sent: {"type": "rtc_inner_req", "topic": "", "data": {"req_type": "public_network_status", "uuid": "cedb2e66-134f-49af-8c58-d37d1a1417d0"}}
2026-06-16 10:28:02,699 [INFO] root: Received message on data channel: {"type":"rtc_inner_req","info":{"req_type":"public_network_status","status":"Undefined","uuid":"cedb2e66-134f-49af-8c58-d37d1a1417d0"}}
2026-06-16 10:28:02,699 [INFO] root: Network status message received.
2026-06-16 10:28:03,201 [INFO] root: > message sent: {"type": "rtc_inner_req", "topic": "", "data": {"req_type": "public_network_status", "uuid": "42325cdb-5801-47ae-90dd-99f8c79deaca"}}
2026-06-16 10:28:03,210 [INFO] root: Received message on data channel: {"type":"rtc_inner_req","info":{"req_type":"public_network_status","status":"Undefined","uuid":"42325cdb-5801-47ae-90dd-99f8c79deaca"}}
2026-06-16 10:28:03,210 [INFO] root: Network status message received.
2026-06-16 10:28:03,439 [INFO] root: Received message on data channel: {"type":"msg","topic":"rt/lf/lowstate","data":{"imu_state":{"rpy":[-0.076394,0.038754,-1.906465]},"motor_state":[{"q":0.006199,"temperature":27,"lost":0,"reserve":[0,587]},{"q":0.718863,"temperature":31,"lost":9,"reserve":[0,587]},{"q":-1.611521,"temperature":32,"lost":5,"reserve":[0,587]},{"q":-0.003414,"temperature":30,"lost":5,"reserve":[0,587]},{"q":0.778026,"temperature":30,"lost":8,"reserve":[0,587]},{"q":-1.644410,"temperature":31,"lost":5,"reserve":[0,587]},{"q":0.048371,"temperature":27,"lost":14,"reserve":[0,587]},{"q":0.594448,"temperature":31,"lost":5,"reserve":[0,587]},{"q":-1.543989,"temperature":31,"lost":0,"reserve":[0,587]},{"q":0.006795,"temperature":29,"lost":0,"reserve":[0,587]},{"q":0.830764,"temperature":30,"lost":6,"reserve":[0,587]},{"q":-1.504465,"temperature":32,"lost":0,"reserve":[0,587]},{"q":0,"temperature":0,"lost":0,"reserve":[0,0]},{"q":0,"temperature":0,"lost":0,"reserve":[0,0]},{"q":0,"temperature":0,"lost":0,"reserve":[0,0]},{"q":0,"temperature":0,"lost":0,"reserve":[0,0]},{"q":0,"temperature":0,"lost":0,"reserve":[0,0]},{"q":0,"temperature":0,"lost":0,"reserve":[0,0]},{"q":0,"temperature":0,"lost":0,"reserve":[0,0]},{"q":0,"temperature":0,"lost":0,"reserve":[0,0]}],"bms_state":{"version_high":1,"version_low":18,"soc":96,"current":-2777,"cycle":3,"bq_ntc":[22,22],"mcu_ntc":[26,23]},"foot_force":[90,90,89,90],"temperature_ntc1":35,"power_v":31.456312}}
2026-06-16 10:28:03,688 [INFO] root: > message sent: {"type": "heartbeat", "topic": "", "data": {"timeInStr": "2026-06-16 10:28:03", "timeInNum": 1781627283}}
2026-06-16 10:28:03,697 [INFO] root: Received message on data channel: {"type":"heartbeat"}
2026-06-16 10:28:03,698 [INFO] root: Heartbeat response received.
2026-06-16 10:28:03,713 [INFO] root: > message sent: {"type": "rtc_inner_req", "topic": "", "data": {"req_type": "public_network_status", "uuid": "82a5145f-a850-4488-96af-03068c336285"}}
2026-06-16 10:28:03,723 [INFO] root: Received message on data channel: {"type":"rtc_inner_req","info":{"req_type":"public_network_status","status":"Undefined","uuid":"82a5145f-a850-4488-96af-03068c336285"}}
2026-06-16 10:28:03,723 [INFO] root: Network status message received.
2026-06-16 10:28:04,225 [INFO] root: > message sent: {"type": "rtc_inner_req", "topic": "", "data": {"req_type": "public_network_status", "uuid": "5e0bff4e-5922-4784-b173-9c2e249687bc"}}
2026-06-16 10:28:04,234 [INFO] root: Received message on data channel: {"type":"rtc_inner_req","info":{"req_type":"public_network_status","status":"Undefined","uuid":"5e0bff4e-5922-4784-b173-9c2e249687bc"}}
2026-06-16 10:28:04,235 [INFO] root: Network status message received.
2026-06-16 10:28:04,439 [INFO] root: Received message on data channel: {"type":"msg","topic":"rt/lf/lowstate","data":{"imu_state":{"rpy":[-0.074872,0.036734,-1.903845]},"motor_state":[{"q":0.002475,"temperature":27,"lost":0,"reserve":[0,588]},{"q":0.712717,"temperature":31,"lost":9,"reserve":[0,588]},{"q":-1.603654,"temperature":32,"lost":5,"reserve":[0,588]},{"q":-0.006775,"temperature":30,"lost":5,"reserve":[0,588]},{"q":0.769578,"temperature":30,"lost":8,"reserve":[0,588]},{"q":-1.640240,"temperature":31,"lost":5,"reserve":[0,588]},{"q":0.046040,"temperature":27,"lost":14,"reserve":[0,588]},{"q":0.591783,"temperature":31,"lost":5,"reserve":[0,588]},{"q":-1.544100,"temperature":31,"lost":0,"reserve":[0,588]},{"q":0.007521,"temperature":29,"lost":0,"reserve":[0,588]},{"q":0.825253,"temperature":30,"lost":6,"reserve":[0,588]},{"q":-1.504433,"temperature":32,"lost":0,"reserve":[0,588]},{"q":0,"temperature":0,"lost":0,"reserve":[0,0]},{"q":0,"temperature":0,"lost":0,"reserve":[0,0]},{"q":0,"temperature":0,"lost":0,"reserve":[0,0]},{"q":0,"temperature":0,"lost":0,"reserve":[0,0]},{"q":0,"temperature":0,"lost":0,"reserve":[0,0]},{"q":0,"temperature":0,"lost":0,"reserve":[0,0]},{"q":0,"temperature":0,"lost":0,"reserve":[0,0]},{"q":0,"temperature":0,"lost":0,"reserve":[0,0]}],"bms_state":{"version_high":1,"version_low":18,"soc":96,"current":-2712,"cycle":3,"bq_ntc":[22,22],"mcu_ntc":[26,23]},"foot_force":[90,90,89,90],"temperature_ntc1":35,"power_v":31.465166}}
2026-06-16 10:28:04,736 [INFO] root: > message sent: {"type": "rtc_inner_req", "topic": "", "data": {"req_type": "public_network_status", "uuid": "f5847572-7f52-4466-a674-04260c8bcfbc"}}
2026-06-16 10:28:04,743 [INFO] root: Received message on data channel: {"type":"rtc_inner_req","info":{"req_type":"public_network_status","status":"Undefined","uuid":"f5847572-7f52-4466-a674-04260c8bcfbc"}}
2026-06-16 10:28:04,743 [INFO] root: Network status message received.
2026-06-16 10:28:05,244 [INFO] root: > message sent: {"type": "rtc_inner_req", "topic": "", "data": {"req_type": "public_network_status", "uuid": "a18606d3-508f-415c-bc89-193a509ec16c"}}
2026-06-16 10:28:05,251 [INFO] root: Received message on data channel: {"type":"rtc_inner_req","info":{"req_type":"public_network_status","status":"Undefined","uuid":"a18606d3-508f-415c-bc89-193a509ec16c"}}
2026-06-16 10:28:05,252 [INFO] root: Network status message received.
2026-06-16 10:28:05,438 [INFO] root: Received message on data channel: {"type":"msg","topic":"rt/lf/lowstate","data":{"imu_state":{"rpy":[-0.074180,0.036552,-1.903756]},"motor_state":[{"q":0.002354,"temperature":27,"lost":0,"reserve":[0,593]},{"q":0.708145,"temperature":31,"lost":9,"reserve":[0,593]},{"q":-1.603354,"temperature":32,"lost":5,"reserve":[0,593]},{"q":-0.006805,"temperature":30,"lost":5,"reserve":[0,593]},{"q":0.764128,"temperature":30,"lost":8,"reserve":[0,593]},{"q":-1.640050,"temperature":31,"lost":5,"reserve":[0,593]},{"q":0.045918,"temperature":28,"lost":14,"reserve":[0,593]},{"q":0.587544,"temperature":31,"lost":5,"reserve":[0,593]},{"q":-1.544100,"temperature":31,"lost":0,"reserve":[0,593]},{"q":0.008581,"temperature":29,"lost":0,"reserve":[0,593]},{"q":0.820197,"temperature":30,"lost":6,"reserve":[0,593]},{"q":-1.504386,"temperature":32,"lost":0,"reserve":[0,593]},{"q":0,"temperature":0,"lost":0,"reserve":[0,0]},{"q":0,"temperature":0,"lost":0,"reserve":[0,0]},{"q":0,"temperature":0,"lost":0,"reserve":[0,0]},{"q":0,"temperature":0,"lost":0,"reserve":[0,0]},{"q":0,"temperature":0,"lost":0,"reserve":[0,0]},{"q":0,"temperature":0,"lost":0,"reserve":[0,0]},{"q":0,"temperature":0,"lost":0,"reserve":[0,0]},{"q":0,"temperature":0,"lost":0,"reserve":[0,0]}],"bms_state":{"version_high":1,"version_low":18,"soc":96,"current":-2727,"cycle":3,"bq_ntc":[22,22],"mcu_ntc":[26,23]},"foot_force":[90,90,89,90],"temperature_ntc1":35,"power_v":31.456312}}
2026-06-16 10:28:05,689 [INFO] root: > message sent: {"type": "heartbeat", "topic": "", "data": {"timeInStr": "2026-06-16 10:28:05", "timeInNum": 1781627285}}
2026-06-16 10:28:05,727 [INFO] root: Received message on data channel: {"type":"heartbeat"}
2026-06-16 10:28:05,728 [INFO] root: Heartbeat response received.
2026-06-16 10:28:05,753 [INFO] root: > message sent: {"type": "rtc_inner_req", "topic": "", "data": {"req_type": "public_network_status", "uuid": "44ad9d82-7211-45f1-953a-3308184b41b4"}}
2026-06-16 10:28:05,760 [INFO] root: Received message on data channel: {"type":"rtc_inner_req","info":{"req_type":"public_network_status","status":"NetworkStatus.ON_WIFI_CONNECTED","uuid":"44ad9d82-7211-45f1-953a-3308184b41b4"}}
2026-06-16 10:28:05,761 [INFO] root: Network status message received.
2026-06-16 10:28:06,439 [INFO] root: Received message on data channel: {"type":"msg","topic":"rt/lf/lowstate","data":{"imu_state":{"rpy":[-0.072432,0.036868,-1.903527]},"motor_state":[{"q":0.002354,"temperature":27,"lost":0,"reserve":[0,591]},{"q":0.697215,"temperature":31,"lost":9,"reserve":[0,591]},{"q":-1.603133,"temperature":32,"lost":5,"reserve":[0,591]},{"q":-0.006744,"temperature":30,"lost":5,"reserve":[0,591]},{"q":0.751533,"temperature":30,"lost":8,"reserve":[0,591]},{"q":-1.639924,"temperature":31,"lost":5,"reserve":[0,591]},{"q":0.045283,"temperature":28,"lost":14,"reserve":[0,591]},{"q":0.576372,"temperature":31,"lost":5,"reserve":[0,591]},{"q":-1.544068,"temperature":31,"lost":0,"reserve":[0,591]},{"q":0.010004,"temperature":29,"lost":0,"reserve":[0,591]},{"q":0.808601,"temperature":30,"lost":6,"reserve":[0,591]},{"q":-1.504323,"temperature":32,"lost":0,"reserve":[0,591]},{"q":0,"temperature":0,"lost":0,"reserve":[0,0]},{"q":0,"temperature":0,"lost":0,"reserve":[0,0]},{"q":0,"temperature":0,"lost":0,"reserve":[0,0]},{"q":0,"temperature":0,"lost":0,"reserve":[0,0]},{"q":0,"temperature":0,"lost":0,"reserve":[0,0]},{"q":0,"temperature":0,"lost":0,"reserve":[0,0]},{"q":0,"temperature":0,"lost":0,"reserve":[0,0]},{"q":0,"temperature":0,"lost":0,"reserve":[0,0]}],"bms_state":{"version_high":1,"version_low":18,"soc":96,"current":-2770,"cycle":3,"bq_ntc":[22,22],"mcu_ntc":[26,23]},"foot_force":[90,90,89,90],"temperature_ntc1":35,"power_v":31.456312}}
2026-06-16 10:28:06,824 [INFO] go2_survey.robot: BalanceStand...
2026-06-16 10:28:06,825 [INFO] root: > message sent: {"type": "req", "topic": "rt/api/sport/request", "data": {"header": {"identity": {"id": 1363342896, "api_id": 1002}}, "parameter": ""}}
2026-06-16 10:28:06,836 [INFO] root: Received message on data channel: {"type":"res","topic":"rt/api/sport/response","data":{"header":{"identity":{"api_id":1002,"id":1363342896},"status":{"code":0}},"data":""}}
2026-06-16 10:28:07,440 [INFO] root: Received message on data channel: {"type":"msg","topic":"rt/lf/lowstate","data":{"imu_state":{"rpy":[-0.071723,0.037039,-1.904845]},"motor_state":[{"q":0.002445,"temperature":27,"lost":0,"reserve":[0,588]},{"q":0.694974,"temperature":31,"lost":9,"reserve":[0,588]},{"q":-1.603101,"temperature":32,"lost":5,"reserve":[0,588]},{"q":-0.006684,"temperature":30,"lost":5,"reserve":[0,588]},{"q":0.749292,"temperature":30,"lost":8,"reserve":[0,588]},{"q":-1.639782,"temperature":31,"lost":5,"reserve":[0,588]},{"q":0.044859,"temperature":27,"lost":14,"reserve":[0,588]},{"q":0.573829,"temperature":31,"lost":5,"reserve":[0,588]},{"q":-1.544084,"temperature":31,"lost":0,"reserve":[0,588]},{"q":0.009974,"temperature":29,"lost":0,"reserve":[0,588]},{"q":0.806723,"temperature":30,"lost":6,"reserve":[0,588]},{"q":-1.504291,"temperature":32,"lost":0,"reserve":[0,588]},{"q":0,"temperature":0,"lost":0,"reserve":[0,0]},{"q":0,"temperature":0,"lost":0,"reserve":[0,0]},{"q":0,"temperature":0,"lost":0,"reserve":[0,0]},{"q":0,"temperature":0,"lost":0,"reserve":[0,0]},{"q":0,"temperature":0,"lost":0,"reserve":[0,0]},{"q":0,"temperature":0,"lost":0,"reserve":[0,0]},{"q":0,"temperature":0,"lost":0,"reserve":[0,0]},{"q":0,"temperature":0,"lost":0,"reserve":[0,0]}],"bms_state":{"version_high":1,"version_low":18,"soc":96,"current":-2780,"cycle":3,"bq_ntc":[22,22],"mcu_ntc":[26,23]},"foot_force":[90,90,89,90],"temperature_ntc1":35,"power_v":31.456312}}
2026-06-16 10:28:07,690 [INFO] root: > message sent: {"type": "heartbeat", "topic": "", "data": {"timeInStr": "2026-06-16 10:28:07", "timeInNum": 1781627287}}
2026-06-16 10:28:07,698 [INFO] root: Received message on data channel: {"type":"heartbeat"}
2026-06-16 10:28:07,698 [INFO] root: Heartbeat response received.
2026-06-16 10:28:07,837 [INFO] go2_survey.mission_runner: ------------------------------------------------------------
2026-06-16 10:28:07,837 [INFO] go2_survey.mission_runner: ----------- BATTERY AT START: 96% | 31.5V | 22°C -----------
2026-06-16 10:28:07,838 [INFO] go2_survey.mission_runner: ------------------------------------------------------------
2026-06-16 10:28:07,838 [INFO] go2_survey.mission_runner: ------------------------------------------------------------
2026-06-16 10:28:07,839 [INFO] go2_survey.mission_runner: -------------- CAPTURE STRATEGY: line_survey ---------------
2026-06-16 10:28:07,839 [INFO] go2_survey.mission_runner: ------------------------------------------------------------
2026-06-16 10:28:07,839 [INFO] go2_survey.robot: ------------------------------------------------------------
2026-06-16 10:28:07,839 [INFO] go2_survey.robot: ------------------ ENABLING VIDEO CHANNEL ------------------
2026-06-16 10:28:07,839 [INFO] go2_survey.robot: ------------------------------------------------------------
2026-06-16 10:28:07,840 [INFO] root: > message sent: {"type": "vid", "topic": "", "data": "on"}
2026-06-16 10:28:07,840 [INFO] go2_survey.robot: Video channel turned on; waiting for first frame
2026-06-16 10:28:07,840 [INFO] go2_survey.mission_runner: ------------------------------------------------------------
2026-06-16 10:28:07,840 [INFO] go2_survey.mission_runner: ------------- PHASE 4: NAVIGATE 8 WAYPOINT(S) --------------
2026-06-16 10:28:07,841 [INFO] go2_survey.mission_runner: ------------------------------------------------------------
2026-06-16 10:28:07,841 [INFO] go2_survey.navigator: ============================================================
2026-06-16 10:28:07,841 [INFO] go2_survey.navigator:  LINE SURVEY | 8 corners / 7 legs | 1.00m/s | capture every 1.0m 
2026-06-16 10:28:07,841 [INFO] go2_survey.navigator: ============================================================
2026-06-16 10:28:07,945 [INFO] go2_survey.robot: Stopping robot
2026-06-16 10:28:07,945 [INFO] root: > message sent: {"type": "req", "topic": "rt/api/sport/request", "data": {"header": {"identity": {"id": 1363344587, "api_id": 1003}}, "parameter": ""}}
2026-06-16 10:28:07,954 [INFO] root: Received message on data channel: {"type":"res","topic":"rt/api/sport/response","data":{"header":{"identity":{"api_id":1003,"id":1363344587},"status":{"code":0}},"data":""}}
2026-06-16 10:28:07,954 [INFO] go2_survey.navigator: approach: uncalibrated start — cross_track converges onto the line
2026-06-16 10:28:08,161 [INFO] root: > message sent: {"type": "req", "topic": "rt/api/sport/request", "data": {"header": {"identity": {"id": 1363344028, "api_id": 1008}}, "parameter": "{\"x\": 1.0, \"y\": 0, \"z\": -0.0}"}}
2026-06-16 10:28:08,193 [WARNING] aiortc.codecs.h264: H264Decoder() failed to decode, skipping package: [Errno 1094995529] Invalid data found when processing input: 'avcodec_send_packet()'
2026-06-16 10:28:08,196 [WARNING] aiortc.codecs.h264: H264Decoder() failed to decode, skipping package: [Errno 1094995529] Invalid data found when processing input: 'avcodec_send_packet()'
2026-06-16 10:28:08,200 [WARNING] aiortc.codecs.h264: H264Decoder() failed to decode, skipping package: [Errno 1094995529] Invalid data found when processing input: 'avcodec_send_packet()'
2026-06-16 10:28:08,202 [INFO] root: Received message on data channel: {"type":"res","topic":"rt/api/sport/response","data":{"header":{"identity":{"api_id":1008,"id":1363344028},"status":{"code":0}},"data":""}}
2026-06-16 10:28:08,203 [INFO] go2_survey.navigator: NAV [cross_track] approach | along=-0.0/144.6m cross=0.00m hdg_err=0.0° cog=— fix=6
2026-06-16 10:28:08,244 [WARNING] aiortc.codecs.h264: H264Decoder() failed to decode, skipping package: [Errno 1094995529] Invalid data found when processing input: 'avcodec_send_packet()'
2026-06-16 10:28:08,343 [INFO] root: > message sent: {"type": "req", "topic": "rt/api/sport/request", "data": {"header": {"identity": {"id": 1363344595, "api_id": 1008}}, "parameter": "{\"x\": 1.0, \"y\": 0, \"z\": -0.0}"}}
2026-06-16 10:28:08,346 [WARNING] aiortc.codecs.h264: H264Decoder() failed to decode, skipping package: [Errno 1094995529] Invalid data found when processing input: 'avcodec_send_packet()'
2026-06-16 10:28:08,356 [INFO] root: Received message on data channel: {"type":"res","topic":"rt/api/sport/response","data":{"header":{"identity":{"api_id":1008,"id":1363344595},"status":{"code":0}},"data":""}}
2026-06-16 10:28:08,386 [WARNING] aiortc.codecs.h264: H264Decoder() failed to decode, skipping package: [Errno 1094995529] Invalid data found when processing input: 'avcodec_send_packet()'
2026-06-16 10:28:08,550 [INFO] root: > message sent: {"type": "req", "topic": "rt/api/sport/request", "data": {"header": {"identity": {"id": 1363344815, "api_id": 1008}}, "parameter": "{\"x\": 1.0, \"y\": 0, \"z\": -0.0}"}}
2026-06-16 10:28:08,556 [INFO] root: Received message on data channel: {"type":"msg","topic":"rt/lf/lowstate","data":{"imu_state":{"rpy":[-0.048218,0.005218,-1.912872]},"motor_state":[{"q":-0.054628,"temperature":27,"lost":0,"reserve":[0,589]},{"q":0.144801,"temperature":31,"lost":9,"reserve":[0,589]},{"q":-2.039571,"temperature":32,"lost":5,"reserve":[0,589]},{"q":-0.051162,"temperature":30,"lost":5,"reserve":[0,589]},{"q":1.026846,"temperature":30,"lost":8,"reserve":[0,589]},{"q":-1.470470,"temperature":31,"lost":5,"reserve":[0,589]},{"q":0.016670,"temperature":27,"lost":14,"reserve":[0,589]},{"q":0.889411,"temperature":31,"lost":5,"reserve":[0,589]},{"q":-1.500389,"temperature":31,"lost":0,"reserve":[0,589]},{"q":0.033106,"temperature":29,"lost":0,"reserve":[0,589]},{"q":0.735813,"temperature":30,"lost":6,"reserve":[0,589]},{"q":-1.834258,"temperature":32,"lost":0,"reserve":[0,589]},{"q":0,"temperature":0,"lost":0,"reserve":[0,0]},{"q":0,"temperature":0,"lost":0,"reserve":[0,0]},{"q":0,"temperature":0,"lost":0,"reserve":[0,0]},{"q":0,"temperature":0,"lost":0,"reserve":[0,0]},{"q":0,"temperature":0,"lost":0,"reserve":[0,0]},{"q":0,"temperature":0,"lost":0,"reserve":[0,0]},{"q":0,"temperature":0,"lost":0,"reserve":[0,0]},{"q":0,"temperature":0,"lost":0,"reserve":[0,0]}],"bms_state":{"version_high":1,"version_low":18,"soc":96,"current":-2770,"cycle":3,"bq_ntc":[22,22],"mcu_ntc":[26,23]},"foot_force":[90,90,89,90],"temperature_ntc1":35,"power_v":31.305803}}
2026-06-16 10:28:08,559 [WARNING] aiortc.codecs.h264: H264Decoder() failed to decode, skipping package: [Errno 1094995529] Invalid data found when processing input: 'avcodec_send_packet()'
2026-06-16 10:28:08,567 [WARNING] aiortc.codecs.h264: H264Decoder() failed to decode, skipping package: [Errno 1094995529] Invalid data found when processing input: 'avcodec_send_packet()'
2026-06-16 10:28:08,577 [INFO] root: Received message on data channel: {"type":"res","topic":"rt/api/sport/response","data":{"header":{"identity":{"api_id":1008,"id":1363344815},"status":{"code":0}},"data":""}}
2026-06-16 10:28:08,593 [WARNING] aiortc.codecs.h264: H264Decoder() failed to decode, skipping package: [Errno 1094995529] Invalid data found when processing input: 'avcodec_send_packet()'
2026-06-16 10:28:08,664 [WARNING] aiortc.codecs.h264: H264Decoder() failed to decode, skipping package: [Errno 1094995529] Invalid data found when processing input: 'avcodec_send_packet()'
2026-06-16 10:28:08,762 [INFO] root: > message sent: {"type": "req", "topic": "rt/api/sport/request", "data": {"header": {"identity": {"id": 1363344679, "api_id": 1008}}, "parameter": "{\"x\": 1.0, \"y\": 0, \"z\": -0.0}"}}
2026-06-16 10:28:08,767 [WARNING] aiortc.codecs.h264: H264Decoder() failed to decode, skipping package: [Errno 1094995529] Invalid data found when processing input: 'avcodec_send_packet()'
2026-06-16 10:28:08,776 [INFO] root: Received message on data channel: {"type":"res","topic":"rt/api/sport/response","data":{"header":{"identity":{"api_id":1008,"id":1363344679},"status":{"code":0}},"data":""}}
2026-06-16 10:28:08,805 [WARNING] aiortc.codecs.h264: H264Decoder() failed to decode, skipping package: [Errno 1094995529] Invalid data found when processing input: 'avcodec_send_packet()'
2026-06-16 10:28:08,873 [WARNING] aiortc.codecs.h264: H264Decoder() failed to decode, skipping package: [Errno 1094995529] Invalid data found when processing input: 'avcodec_send_packet()'
2026-06-16 10:28:08,942 [INFO] root: > message sent: {"type": "req", "topic": "rt/api/sport/request", "data": {"header": {"identity": {"id": 1363344789, "api_id": 1008}}, "parameter": "{\"x\": 1.0, \"y\": 0, \"z\": -0.0}"}}
2026-06-16 10:28:08,956 [WARNING] aiortc.codecs.h264: H264Decoder() failed to decode, skipping package: [Errno 1094995529] Invalid data found when processing input: 'avcodec_send_packet()'
2026-06-16 10:28:08,972 [INFO] root: Received message on data channel: {"type":"res","topic":"rt/api/sport/response","data":{"header":{"identity":{"api_id":1008,"id":1363344789},"status":{"code":0}},"data":""}}
2026-06-16 10:28:09,054 [INFO] root: Receiving video frame
2026-06-16 10:28:09,054 [INFO] go2_survey.robot: Video track attached; starting frame consumer
2026-06-16 10:28:09,152 [INFO] root: > message sent: {"type": "req", "topic": "rt/api/sport/request", "data": {"header": {"identity": {"id": 1363345689, "api_id": 1008}}, "parameter": "{\"x\": 1.0, \"y\": 0, \"z\": -0.0}"}}
2026-06-16 10:28:09,184 [INFO] root: Received message on data channel: {"type":"res","topic":"rt/api/sport/response","data":{"header":{"identity":{"api_id":1008,"id":1363345689},"status":{"code":0}},"data":""}}
2026-06-16 10:28:09,203 [INFO] go2_survey.robot: First video frame decoded | 1280x720 BGR
2026-06-16 10:28:09,351 [INFO] root: > message sent: {"type": "req", "topic": "rt/api/sport/request", "data": {"header": {"identity": {"id": 1363345868, "api_id": 1008}}, "parameter": "{\"x\": 1.0, \"y\": 0, \"z\": -0.0}"}}
2026-06-16 10:28:09,378 [INFO] root: Received message on data channel: {"type":"res","topic":"rt/api/sport/response","data":{"header":{"identity":{"api_id":1008,"id":1363345868},"status":{"code":0}},"data":""}}
2026-06-16 10:28:09,447 [INFO] root: Received message on data channel: {"type":"msg","topic":"rt/lf/lowstate","data":{"imu_state":{"rpy":[-0.063824,0.074222,-1.891717]},"motor_state":[{"q":0.001567,"temperature":27,"lost":0,"reserve":[0,587]},{"q":0.257494,"temperature":31,"lost":9,"reserve":[0,587]},{"q":-1.979211,"temperature":32,"lost":5,"reserve":[0,587]},{"q":-0.043804,"temperature":30,"lost":5,"reserve":[0,587]},{"q":0.840579,"temperature":30,"lost":8,"reserve":[0,587]},{"q":-1.510310,"temperature":31,"lost":5,"reserve":[0,587]},{"q":0.086823,"temperature":27,"lost":14,"reserve":[0,587]},{"q":0.800426,"temperature":31,"lost":5,"reserve":[0,587]},{"q":-1.478574,"temperature":31,"lost":0,"reserve":[0,587]},{"q":0.055118,"temperature":29,"lost":0,"reserve":[0,587]},{"q":0.374269,"temperature":30,"lost":6,"reserve":[0,587]},{"q":-1.793581,"temperature":32,"lost":0,"reserve":[0,587]},{"q":0,"temperature":0,"lost":0,"reserve":[0,0]},{"q":0,"temperature":0,"lost":0,"reserve":[0,0]},{"q":0,"temperature":0,"lost":0,"reserve":[0,0]},{"q":0,"temperature":0,"lost":0,"reserve":[0,0]},{"q":0,"temperature":0,"lost":0,"reserve":[0,0]},{"q":0,"temperature":0,"lost":0,"reserve":[0,0]},{"q":0,"temperature":0,"lost":0,"reserve":[0,0]},{"q":0,"temperature":0,"lost":0,"reserve":[0,0]}],"bms_state":{"version_high":1,"version_low":18,"soc":96,"current":-8232,"cycle":3,"bq_ntc":[22,22],"mcu_ntc":[26,23]},"foot_force":[90,90,89,90],"temperature_ntc1":35,"power_v":31.429752}}
2026-06-16 10:28:09,556 [INFO] root: > message sent: {"type": "req", "topic": "rt/api/sport/request", "data": {"header": {"identity": {"id": 1363345913, "api_id": 1008}}, "parameter": "{\"x\": 1.0, \"y\": 0, \"z\": 0.8}"}}
2026-06-16 10:28:09,574 [INFO] root: Received message on data channel: {"type":"res","topic":"rt/api/sport/response","data":{"header":{"identity":{"api_id":1008,"id":1363345913},"status":{"code":0}},"data":""}}
2026-06-16 10:28:09,752 [INFO] root: > message sent: {"type": "req", "topic": "rt/api/sport/request", "data": {"header": {"identity": {"id": 1363345574, "api_id": 1008}}, "parameter": "{\"x\": 1.0, \"y\": 0, \"z\": 0.8}"}}
2026-06-16 10:28:09,755 [INFO] root: > message sent: {"type": "heartbeat", "topic": "", "data": {"timeInStr": "2026-06-16 10:28:09", "timeInNum": 1781627289}}
2026-06-16 10:28:09,787 [INFO] root: Received message on data channel: {"type":"heartbeat"}
2026-06-16 10:28:09,787 [INFO] root: Heartbeat response received.
2026-06-16 10:28:09,788 [INFO] root: Received message on data channel: {"type":"res","topic":"rt/api/sport/response","data":{"header":{"identity":{"api_id":1008,"id":1363345574},"status":{"code":0}},"data":""}}
2026-06-16 10:28:09,949 [INFO] root: > message sent: {"type": "req", "topic": "rt/api/sport/request", "data": {"header": {"identity": {"id": 1363346346, "api_id": 1008}}, "parameter": "{\"x\": 1.0, \"y\": 0, \"z\": 0.8}"}}
2026-06-16 10:28:09,967 [INFO] root: Received message on data channel: {"type":"res","topic":"rt/api/sport/response","data":{"header":{"identity":{"api_id":1008,"id":1363346346},"status":{"code":0}},"data":""}}
2026-06-16 10:28:10,160 [INFO] root: > message sent: {"type": "req", "topic": "rt/api/sport/request", "data": {"header": {"identity": {"id": 1363346805, "api_id": 1008}}, "parameter": "{\"x\": 1.0, \"y\": 0, \"z\": 0.8}"}}
2026-06-16 10:28:10,200 [INFO] root: Received message on data channel: {"type":"res","topic":"rt/api/sport/response","data":{"header":{"identity":{"api_id":1008,"id":1363346805},"status":{"code":0}},"data":""}}
2026-06-16 10:28:10,353 [INFO] root: > message sent: {"type": "req", "topic": "rt/api/sport/request", "data": {"header": {"identity": {"id": 1363346297, "api_id": 1008}}, "parameter": "{\"x\": 1.0, \"y\": 0, \"z\": 0.8}"}}
2026-06-16 10:28:10,372 [INFO] root: Received message on data channel: {"type":"res","topic":"rt/api/sport/response","data":{"header":{"identity":{"api_id":1008,"id":1363346297},"status":{"code":0}},"data":""}}
2026-06-16 10:28:10,373 [INFO] go2_survey.navigator: NAV [cross_track] approach | along=0.8/144.6m cross=1.61m hdg_err=-83.7° cog=333° fix=6
2026-06-16 10:28:10,438 [INFO] root: Received message on data channel: {"type":"msg","topic":"rt/lf/lowstate","data":{"imu_state":{"rpy":[-0.085829,0.097024,-1.288118]},"motor_state":[{"q":0.026152,"temperature":27,"lost":0,"reserve":[0,594]},{"q":0.682652,"temperature":31,"lost":9,"reserve":[0,594]},{"q":-2.093155,"temperature":32,"lost":5,"reserve":[0,594]},{"q":-0.078593,"temperature":30,"lost":5,"reserve":[0,594]},{"q":0.784778,"temperature":30,"lost":8,"reserve":[0,594]},{"q":-1.525333,"temperature":31,"lost":5,"reserve":[0,594]},{"q":0.124307,"temperature":28,"lost":14,"reserve":[0,594]},{"q":0.607588,"temperature":31,"lost":5,"reserve":[0,594]},{"q":-1.475225,"temperature":31,"lost":0,"reserve":[0,594]},{"q":0.065321,"temperature":29,"lost":0,"reserve":[0,594]},{"q":0.824557,"temperature":30,"lost":6,"reserve":[0,594]},{"q":-1.797862,"temperature":32,"lost":0,"reserve":[0,594]},{"q":0,"temperature":0,"lost":0,"reserve":[0,0]},{"q":0,"temperature":0,"lost":0,"reserve":[0,0]},{"q":0,"temperature":0,"lost":0,"reserve":[0,0]},{"q":0,"temperature":0,"lost":0,"reserve":[0,0]},{"q":0,"temperature":0,"lost":0,"reserve":[0,0]},{"q":0,"temperature":0,"lost":0,"reserve":[0,0]},{"q":0,"temperature":0,"lost":0,"reserve":[0,0]},{"q":0,"temperature":0,"lost":0,"reserve":[0,0]}],"bms_state":{"version_high":1,"version_low":18,"soc":96,"current":-6408,"cycle":3,"bq_ntc":[22,22],"mcu_ntc":[26,23]},"foot_force":[90,90,89,90],"temperature_ntc1":35,"power_v":31.279242}}
2026-06-16 10:28:10,553 [INFO] root: > message sent: {"type": "req", "topic": "rt/api/sport/request", "data": {"header": {"identity": {"id": 1363346763, "api_id": 1008}}, "parameter": "{\"x\": 1.0, \"y\": 0, \"z\": 0.8}"}}
2026-06-16 10:28:10,581 [INFO] root: Received message on data channel: {"type":"res","topic":"rt/api/sport/response","data":{"header":{"identity":{"api_id":1008,"id":1363346763},"status":{"code":0}},"data":""}}
2026-06-16 10:28:10,763 [INFO] root: > message sent: {"type": "req", "topic": "rt/api/sport/request", "data": {"header": {"identity": {"id": 1363347325, "api_id": 1008}}, "parameter": "{\"x\": 1.0, \"y\": 0, \"z\": 0.8}"}}
2026-06-16 10:28:10,785 [INFO] root: Received message on data channel: {"type":"res","topic":"rt/api/sport/response","data":{"header":{"identity":{"api_id":1008,"id":1363347325},"status":{"code":0}},"data":""}}
2026-06-16 10:28:10,946 [INFO] root: > message sent: {"type": "req", "topic": "rt/api/sport/request", "data": {"header": {"identity": {"id": 1363347718, "api_id": 1008}}, "parameter": "{\"x\": 1.0, \"y\": 0, \"z\": 0.8}"}}
2026-06-16 10:28:10,960 [INFO] root: Received message on data channel: {"type":"res","topic":"rt/api/sport/response","data":{"header":{"identity":{"api_id":1008,"id":1363347718},"status":{"code":0}},"data":""}}
2026-06-16 10:28:11,157 [INFO] root: > message sent: {"type": "req", "topic": "rt/api/sport/request", "data": {"header": {"identity": {"id": 1363347125, "api_id": 1008}}, "parameter": "{\"x\": 1.0, \"y\": 0, \"z\": 0.8}"}}
2026-06-16 10:28:11,186 [INFO] root: Received message on data channel: {"type":"res","topic":"rt/api/sport/response","data":{"header":{"identity":{"api_id":1008,"id":1363347125},"status":{"code":0}},"data":""}}
2026-06-16 10:28:11,350 [INFO] root: > message sent: {"type": "req", "topic": "rt/api/sport/request", "data": {"header": {"identity": {"id": 1363347396, "api_id": 1008}}, "parameter": "{\"x\": 1.0, \"y\": 0, \"z\": 0.7902800899080082}"}}
2026-06-16 10:28:11,364 [INFO] root: Received message on data channel: {"type":"res","topic":"rt/api/sport/response","data":{"header":{"identity":{"api_id":1008,"id":1363347396},"status":{"code":0}},"data":""}}
2026-06-16 10:28:11,437 [INFO] root: Received message on data channel: {"type":"msg","topic":"rt/lf/lowstate","data":{"imu_state":{"rpy":[-0.042370,0.154259,-0.574742]},"motor_state":[{"q":0.033298,"temperature":27,"lost":0,"reserve":[0,583]},{"q":0.802732,"temperature":31,"lost":9,"reserve":[0,583]},{"q":-2.082587,"temperature":32,"lost":5,"reserve":[0,583]},{"q":-0.123101,"temperature":30,"lost":5,"reserve":[0,583]},{"q":0.703240,"temperature":30,"lost":8,"reserve":[0,583]},{"q":-1.528871,"temperature":31,"lost":5,"reserve":[0,583]},{"q":0.091577,"temperature":27,"lost":14,"reserve":[0,583]},{"q":0.580611,"temperature":31,"lost":5,"reserve":[0,583]},{"q":-1.412716,"temperature":31,"lost":0,"reserve":[0,583]},{"q":0.104652,"temperature":29,"lost":0,"reserve":[0,583]},{"q":0.971645,"temperature":30,"lost":6,"reserve":[0,583]},{"q":-1.852077,"temperature":32,"lost":0,"reserve":[0,583]},{"q":0,"temperature":0,"lost":0,"reserve":[0,0]},{"q":0,"temperature":0,"lost":0,"reserve":[0,0]},{"q":0,"temperature":0,"lost":0,"reserve":[0,0]},{"q":0,"temperature":0,"lost":0,"reserve":[0,0]},{"q":0,"temperature":0,"lost":0,"reserve":[0,0]},{"q":0,"temperature":0,"lost":0,"reserve":[0,0]},{"q":0,"temperature":0,"lost":0,"reserve":[0,0]},{"q":0,"temperature":0,"lost":0,"reserve":[0,0]}],"bms_state":{"version_high":1,"version_low":18,"soc":96,"current":-5859,"cycle":3,"bq_ntc":[22,22],"mcu_ntc":[26,23]},"foot_force":[90,90,89,90],"temperature_ntc1":35,"power_v":31.252684}}
2026-06-16 10:28:11,549 [INFO] root: > message sent: {"type": "req", "topic": "rt/api/sport/request", "data": {"header": {"identity": {"id": 1363348236, "api_id": 1008}}, "parameter": "{\"x\": 1.0, \"y\": 0, \"z\": 0.6453573991622604}"}}
2026-06-16 10:28:11,590 [INFO] root: Received message on data channel: {"type":"res","topic":"rt/api/sport/response","data":{"header":{"identity":{"api_id":1008,"id":1363348236},"status":{"code":0}},"data":""}}
2026-06-16 10:28:11,746 [INFO] root: > message sent: {"type": "req", "topic": "rt/api/sport/request", "data": {"header": {"identity": {"id": 1363347792, "api_id": 1008}}, "parameter": "{\"x\": 1.0, \"y\": 0, \"z\": 0.5370399022469229}"}}
2026-06-16 10:28:11,763 [INFO] root: > message sent: {"type": "heartbeat", "topic": "", "data": {"timeInStr": "2026-06-16 10:28:11", "timeInNum": 1781627291}}
2026-06-16 10:28:11,778 [INFO] root: Received message on data channel: {"type":"res","topic":"rt/api/sport/response","data":{"header":{"identity":{"api_id":1008,"id":1363347792},"status":{"code":0}},"data":""}}
2026-06-16 10:28:11,780 [INFO] root: Received message on data channel: {"type":"heartbeat"}
2026-06-16 10:28:11,780 [INFO] root: Heartbeat response received.
2026-06-16 10:28:11,939 [INFO] root: > message sent: {"type": "req", "topic": "rt/api/sport/request", "data": {"header": {"identity": {"id": 1363348374, "api_id": 1008}}, "parameter": "{\"x\": 1.0, \"y\": 0, \"z\": 0.42315375264459304}"}}
2026-06-16 10:28:11,957 [INFO] root: Received message on data channel: {"type":"res","topic":"rt/api/sport/response","data":{"header":{"identity":{"api_id":1008,"id":1363348374},"status":{"code":0}},"data":""}}
2026-06-16 10:28:12,163 [INFO] root: > message sent: {"type": "req", "topic": "rt/api/sport/request", "data": {"header": {"identity": {"id": 1363348512, "api_id": 1008}}, "parameter": "{\"x\": 1.0, \"y\": 0, \"z\": 0.28061620685455296}"}}
2026-06-16 10:28:12,196 [INFO] root: Received message on data channel: {"type":"res","topic":"rt/api/sport/response","data":{"header":{"identity":{"api_id":1008,"id":1363348512},"status":{"code":0}},"data":""}}
2026-06-16 10:28:12,346 [INFO] root: > message sent: {"type": "req", "topic": "rt/api/sport/request", "data": {"header": {"identity": {"id": 1363348580, "api_id": 1008}}, "parameter": "{\"x\": 1.0, \"y\": 0, \"z\": 0.17169743072049712}"}}
2026-06-16 10:28:12,360 [INFO] root: Received message on data channel: {"type":"res","topic":"rt/api/sport/response","data":{"header":{"identity":{"api_id":1008,"id":1363348580},"status":{"code":0}},"data":""}}
2026-06-16 10:28:12,440 [INFO] root: Received message on data channel: {"type":"msg","topic":"rt/lf/lowstate","data":{"imu_state":{"rpy":[0.011790,0.143018,-0.111753]},"motor_state":[{"q":0.042563,"temperature":27,"lost":0,"reserve":[0,597]},{"q":1.128579,"temperature":31,"lost":9,"reserve":[0,597]},{"q":-1.709478,"temperature":32,"lost":5,"reserve":[0,597]},{"q":-0.113897,"temperature":30,"lost":5,"reserve":[0,597]},{"q":0.639082,"temperature":30,"lost":8,"reserve":[0,597]},{"q":-1.597936,"temperature":31,"lost":5,"reserve":[0,597]},{"q":0.082585,"temperature":27,"lost":14,"reserve":[0,597]},{"q":0.507097,"temperature":31,"lost":5,"reserve":[0,597]},{"q":-1.415954,"temperature":31,"lost":0,"reserve":[0,597]},{"q":0.033469,"temperature":29,"lost":0,"reserve":[0,597]},{"q":1.010007,"temperature":30,"lost":6,"reserve":[0,597]},{"q":-1.599863,"temperature":32,"lost":0,"reserve":[0,597]},{"q":0,"temperature":0,"lost":0,"reserve":[0,0]},{"q":0,"temperature":0,"lost":0,"reserve":[0,0]},{"q":0,"temperature":0,"lost":0,"reserve":[0,0]},{"q":0,"temperature":0,"lost":0,"reserve":[0,0]},{"q":0,"temperature":0,"lost":0,"reserve":[0,0]},{"q":0,"temperature":0,"lost":0,"reserve":[0,0]},{"q":0,"temperature":0,"lost":0,"reserve":[0,0]},{"q":0,"temperature":0,"lost":0,"reserve":[0,0]}],"bms_state":{"version_high":1,"version_low":18,"soc":96,"current":-5211,"cycle":3,"bq_ntc":[22,22],"mcu_ntc":[26,23]},"foot_force":[90,90,89,90],"temperature_ntc1":35,"power_v":31.022493}}
2026-06-16 10:28:12,550 [INFO] root: > message sent: {"type": "req", "topic": "rt/api/sport/request", "data": {"header": {"identity": {"id": 1363348464, "api_id": 1008}}, "parameter": "{\"x\": 1.0, \"y\": 0, \"z\": 0.05080355152986428}"}}
2026-06-16 10:28:12,579 [INFO] root: Received message on data channel: {"type":"res","topic":"rt/api/sport/response","data":{"header":{"identity":{"api_id":1008,"id":1363348464},"status":{"code":0}},"data":""}}
2026-06-16 10:28:12,580 [INFO] go2_survey.navigator: NAV [cross_track] approach | along=2.7/144.6m cross=1.61m hdg_err=-3.4° cog=252° fix=6
2026-06-16 10:28:12,760 [INFO] root: > message sent: {"type": "req", "topic": "rt/api/sport/request", "data": {"header": {"identity": {"id": 1363348757, "api_id": 1008}}, "parameter": "{\"x\": 1.0, \"y\": 0, \"z\": -0.03340226745978441}"}}
2026-06-16 10:28:12,787 [INFO] root: Received message on data channel: {"type":"res","topic":"rt/api/sport/response","data":{"header":{"identity":{"api_id":1008,"id":1363348757},"status":{"code":0}},"data":""}}
2026-06-16 10:28:12,945 [INFO] root: > message sent: {"type": "req", "topic": "rt/api/sport/request", "data": {"header": {"identity": {"id": 1363348870, "api_id": 1008}}, "parameter": "{\"x\": 1.0, \"y\": 0, \"z\": -0.10893943584762965}"}}
2026-06-16 10:28:12,972 [INFO] root: Received message on data channel: {"type":"res","topic":"rt/api/sport/response","data":{"header":{"identity":{"api_id":1008,"id":1363348870},"status":{"code":0}},"data":""}}
2026-06-16 10:28:13,156 [INFO] root: > message sent: {"type": "req", "topic": "rt/api/sport/request", "data": {"header": {"identity": {"id": 1363349171, "api_id": 1008}}, "parameter": "{\"x\": 1.0, \"y\": 0, \"z\": -0.19578692935661562}"}}
2026-06-16 10:28:13,191 [INFO] root: Received message on data channel: {"type":"res","topic":"rt/api/sport/response","data":{"header":{"identity":{"api_id":1008,"id":1363349171},"status":{"code":0}},"data":""}}
2026-06-16 10:28:13,352 [INFO] root: > message sent: {"type": "req", "topic": "rt/api/sport/request", "data": {"header": {"identity": {"id": 1363350079, "api_id": 1008}}, "parameter": "{\"x\": 1.0, \"y\": 0, \"z\": -0.24392615324101272}"}}
2026-06-16 10:28:13,388 [INFO] root: Received message on data channel: {"type":"res","topic":"rt/api/sport/response","data":{"header":{"identity":{"api_id":1008,"id":1363350079},"status":{"code":0}},"data":""}}
2026-06-16 10:28:13,440 [INFO] root: Received message on data channel: {"type":"msg","topic":"rt/lf/lowstate","data":{"imu_state":{"rpy":[-0.006069,0.143217,-0.112948]},"motor_state":[{"q":0.090704,"temperature":27,"lost":0,"reserve":[0,590]},{"q":1.133181,"temperature":31,"lost":9,"reserve":[0,590]},{"q":-1.506424,"temperature":32,"lost":5,"reserve":[0,590]},{"q":-0.088706,"temperature":30,"lost":5,"reserve":[0,590]},{"q":0.571715,"temperature":30,"lost":8,"reserve":[0,590]},{"q":-1.527908,"temperature":31,"lost":5,"reserve":[0,590]},{"q":0.077952,"temperature":28,"lost":14,"reserve":[0,590]},{"q":0.444180,"temperature":31,"lost":5,"reserve":[0,590]},{"q":-1.414628,"temperature":31,"lost":0,"reserve":[0,590]},{"q":-0.016095,"temperature":29,"lost":0,"reserve":[0,590]},{"q":1.068412,"temperature":30,"lost":6,"reserve":[0,590]},{"q":-1.427455,"temperature":32,"lost":0,"reserve":[0,590]},{"q":0,"temperature":0,"lost":0,"reserve":[0,0]},{"q":0,"temperature":0,"lost":0,"reserve":[0,0]},{"q":0,"temperature":0,"lost":0,"reserve":[0,0]},{"q":0,"temperature":0,"lost":0,"reserve":[0,0]},{"q":0,"temperature":0,"lost":0,"reserve":[0,0]},{"q":0,"temperature":0,"lost":0,"reserve":[0,0]},{"q":0,"temperature":0,"lost":0,"reserve":[0,0]},{"q":0,"temperature":0,"lost":0,"reserve":[0,0]}],"bms_state":{"version_high":1,"version_low":18,"soc":96,"current":-7741,"cycle":3,"bq_ntc":[22,22],"mcu_ntc":[26,23]},"foot_force":[90,90,89,90],"temperature_ntc1":35,"power_v":31.057905}}
2026-06-16 10:28:13,476 [INFO] root: Received message on data channel: {"type":"rtc_inner_req","info":{"req_type":"rtt_probe_send_from_mechine","send_time_stamp":1781627293,"uuid":"a331db4f-5e2b-41f5-a046-d2434f5630e3"}}
2026-06-16 10:28:13,477 [INFO] root: > message sent: {"type": "rtc_inner_req", "topic": "", "data": {"req_type": "rtt_probe_send_from_mechine", "send_time_stamp": 1781627293, "uuid": "a331db4f-5e2b-41f5-a046-d2434f5630e3"}}
2026-06-16 10:28:13,551 [INFO] root: > message sent: {"type": "req", "topic": "rt/api/sport/request", "data": {"header": {"identity": {"id": 1363349372, "api_id": 1008}}, "parameter": "{\"x\": 1.0, \"y\": 0, \"z\": -0.27092233574971913}"}}
2026-06-16 10:28:13,568 [INFO] root: Received message on data channel: {"type":"res","topic":"rt/api/sport/response","data":{"header":{"identity":{"api_id":1008,"id":1363349372},"status":{"code":0}},"data":""}}
2026-06-16 10:28:13,743 [INFO] root: > message sent: {"type": "req", "topic": "rt/api/sport/request", "data": {"header": {"identity": {"id": 1363350332, "api_id": 1008}}, "parameter": "{\"x\": 1.0, \"y\": 0, \"z\": -0.29857621942405105}"}}
2026-06-16 10:28:13,763 [INFO] root: Received message on data channel: {"type":"res","topic":"rt/api/sport/response","data":{"header":{"identity":{"api_id":1008,"id":1363350332},"status":{"code":0}},"data":""}}
2026-06-16 10:28:13,765 [INFO] root: > message sent: {"type": "heartbeat", "topic": "", "data": {"timeInStr": "2026-06-16 10:28:13", "timeInNum": 1781627293}}
2026-06-16 10:28:13,772 [INFO] root: Received message on data channel: {"type":"heartbeat"}
2026-06-16 10:28:13,773 [INFO] root: Heartbeat response received.
2026-06-16 10:28:13,950 [INFO] root: > message sent: {"type": "req", "topic": "rt/api/sport/request", "data": {"header": {"identity": {"id": 1363350648, "api_id": 1008}}, "parameter": "{\"x\": 1.0, \"y\": 0, \"z\": -0.28354927833090926}"}}
2026-06-16 10:28:13,979 [INFO] root: Received message on data channel: {"type":"res","topic":"rt/api/sport/response","data":{"header":{"identity":{"api_id":1008,"id":1363350648},"status":{"code":0}},"data":""}}
2026-06-16 10:28:14,164 [INFO] root: > message sent: {"type": "req", "topic": "rt/api/sport/request", "data": {"header": {"identity": {"id": 1363350287, "api_id": 1008}}, "parameter": "{\"x\": 1.0, \"y\": 0, \"z\": -0.2996906269575646}"}}
2026-06-16 10:28:14,185 [INFO] root: Received message on data channel: {"type":"res","topic":"rt/api/sport/response","data":{"header":{"identity":{"api_id":1008,"id":1363350287},"status":{"code":0}},"data":""}}
2026-06-16 10:28:14,354 [INFO] root: > message sent: {"type": "req", "topic": "rt/api/sport/request", "data": {"header": {"identity": {"id": 1363351035, "api_id": 1008}}, "parameter": "{\"x\": 1.0, \"y\": 0, \"z\": -0.26885079233570974}"}}
2026-06-16 10:28:14,386 [INFO] root: Received message on data channel: {"type":"res","topic":"rt/api/sport/response","data":{"header":{"identity":{"api_id":1008,"id":1363351035},"status":{"code":0}},"data":""}}
2026-06-16 10:28:14,438 [INFO] root: Received message on data channel: {"type":"msg","topic":"rt/lf/lowstate","data":{"imu_state":{"rpy":[0.012392,0.150373,-0.336387]},"motor_state":[{"q":0.111747,"temperature":27,"lost":0,"reserve":[0,587]},{"q":1.102116,"temperature":31,"lost":9,"reserve":[0,587]},{"q":-1.425401,"temperature":32,"lost":5,"reserve":[0,587]},{"q":-0.078502,"temperature":30,"lost":5,"reserve":[0,587]},{"q":0.463472,"temperature":30,"lost":8,"reserve":[0,587]},{"q":-1.616892,"temperature":31,"lost":5,"reserve":[0,587]},{"q":0.042649,"temperature":28,"lost":14,"reserve":[0,587]},{"q":0.442182,"temperature":31,"lost":5,"reserve":[0,587]},{"q":-1.520673,"temperature":31,"lost":0,"reserve":[0,587]},{"q":-0.017215,"temperature":29,"lost":0,"reserve":[0,587]},{"q":0.989509,"temperature":30,"lost":6,"reserve":[0,587]},{"q":-1.439129,"temperature":32,"lost":0,"reserve":[0,587]},{"q":0,"temperature":0,"lost":0,"reserve":[0,0]},{"q":0,"temperature":0,"lost":0,"reserve":[0,0]},{"q":0,"temperature":0,"lost":0,"reserve":[0,0]},{"q":0,"temperature":0,"lost":0,"reserve":[0,0]},{"q":0,"temperature":0,"lost":0,"reserve":[0,0]},{"q":0,"temperature":0,"lost":0,"reserve":[0,0]},{"q":0,"temperature":0,"lost":0,"reserve":[0,0]},{"q":0,"temperature":0,"lost":0,"reserve":[0,0]}],"bms_state":{"version_high":1,"version_low":18,"soc":96,"current":-5749,"cycle":3,"bq_ntc":[22,22],"mcu_ntc":[26,23]},"foot_force":[90,90,89,90],"temperature_ntc1":35,"power_v":30.907398}}
2026-06-16 10:28:14,554 [INFO] root: > message sent: {"type": "req", "topic": "rt/api/sport/request", "data": {"header": {"identity": {"id": 1363350505, "api_id": 1008}}, "parameter": "{\"x\": 1.0, \"y\": 0, \"z\": -0.22933617623455615}"}}
2026-06-16 10:28:14,599 [INFO] root: Received message on data channel: {"type":"res","topic":"rt/api/sport/response","data":{"header":{"identity":{"api_id":1008,"id":1363350505},"status":{"code":0}},"data":""}}
2026-06-16 10:28:14,600 [INFO] go2_survey.navigator: NAV [cross_track] approach | along=4.4/144.6m cross=0.67m hdg_err=15.3° cog=246° fix=6
2026-06-16 10:28:14,765 [INFO] root: > message sent: {"type": "req", "topic": "rt/api/sport/request", "data": {"header": {"identity": {"id": 1363351011, "api_id": 1008}}, "parameter": "{\"x\": 1.0, \"y\": 0, \"z\": -0.2243905072743678}"}}
2026-06-16 10:28:14,793 [INFO] root: Received message on data channel: {"type":"res","topic":"rt/api/sport/response","data":{"header":{"identity":{"api_id":1008,"id":1363351011},"status":{"code":0}},"data":""}}
2026-06-16 10:28:14,944 [INFO] go2_survey.navigator: IMU RUNNING RECAL | seed offset 243.0°
2026-06-16 10:28:14,945 [INFO] root: > message sent: {"type": "req", "topic": "rt/api/sport/request", "data": {"header": {"identity": {"id": 1363351532, "api_id": 1008}}, "parameter": "{\"x\": 1.0, \"y\": 0, \"z\": -0.18182119678745706}"}}
2026-06-16 10:28:14,969 [INFO] root: Received message on data channel: {"type":"res","topic":"rt/api/sport/response","data":{"header":{"identity":{"api_id":1008,"id":1363351532},"status":{"code":0}},"data":""}}
2026-06-16 10:28:15,160 [INFO] go2_survey.navigator: IMU RUNNING RECAL | offset 243.0° (fresh -119.4°, Δ -0.02°)
2026-06-16 10:28:15,162 [INFO] root: > message sent: {"type": "req", "topic": "rt/api/sport/request", "data": {"header": {"identity": {"id": 1363351371, "api_id": 1008}}, "parameter": "{\"x\": 1.0, \"y\": 0, \"z\": -0.17272682462707747}"}}
2026-06-16 10:28:15,193 [INFO] root: Received message on data channel: {"type":"res","topic":"rt/api/sport/response","data":{"header":{"identity":{"api_id":1008,"id":1363351371},"status":{"code":0}},"data":""}}
2026-06-16 10:28:15,351 [INFO] root: > message sent: {"type": "req", "topic": "rt/api/sport/request", "data": {"header": {"identity": {"id": 1363352098, "api_id": 1008}}, "parameter": "{\"x\": 1.0, \"y\": 0, \"z\": -0.14812031096911354}"}}
2026-06-16 10:28:15,367 [INFO] root: Received message on data channel: {"type":"res","topic":"rt/api/sport/response","data":{"header":{"identity":{"api_id":1008,"id":1363352098},"status":{"code":0}},"data":""}}
2026-06-16 10:28:15,437 [INFO] root: Received message on data channel: {"type":"msg","topic":"rt/lf/lowstate","data":{"imu_state":{"rpy":[-0.016315,0.088149,-0.485858]},"motor_state":[{"q":0.098122,"temperature":27,"lost":0,"reserve":[0,595]},{"q":1.060878,"temperature":31,"lost":9,"reserve":[0,595]},{"q":-1.409256,"temperature":32,"lost":5,"reserve":[0,595]},{"q":-0.108840,"temperature":30,"lost":5,"reserve":[0,595]},{"q":0.350901,"temperature":30,"lost":8,"reserve":[0,595]},{"q":-1.540877,"temperature":31,"lost":5,"reserve":[0,595]},{"q":-0.001617,"temperature":28,"lost":14,"reserve":[0,595]},{"q":0.376813,"temperature":31,"lost":5,"reserve":[0,595]},{"q":-1.728940,"temperature":31,"lost":0,"reserve":[0,595]},{"q":-0.015217,"temperature":29,"lost":0,"reserve":[0,595]},{"q":0.982212,"temperature":30,"lost":6,"reserve":[0,595]},{"q":-1.426760,"temperature":32,"lost":0,"reserve":[0,595]},{"q":0,"temperature":0,"lost":0,"reserve":[0,0]},{"q":0,"temperature":0,"lost":0,"reserve":[0,0]},{"q":0,"temperature":0,"lost":0,"reserve":[0,0]},{"q":0,"temperature":0,"lost":0,"reserve":[0,0]},{"q":0,"temperature":0,"lost":0,"reserve":[0,0]},{"q":0,"temperature":0,"lost":0,"reserve":[0,0]},{"q":0,"temperature":0,"lost":0,"reserve":[0,0]},{"q":0,"temperature":0,"lost":0,"reserve":[0,0]}],"bms_state":{"version_high":1,"version_low":18,"soc":96,"current":-7867,"cycle":3,"bq_ntc":[22,22],"mcu_ntc":[26,23]},"foot_force":[90,90,89,90],"temperature_ntc1":35,"power_v":31.208416}}
2026-06-16 10:28:15,542 [INFO] root: > message sent: {"type": "req", "topic": "rt/api/sport/request", "data": {"header": {"identity": {"id": 1363352312, "api_id": 1008}}, "parameter": "{\"x\": 1.0, \"y\": 0, \"z\": -0.1189851743639349}"}}
2026-06-16 10:28:15,571 [INFO] root: Received message on data channel: {"type":"res","topic":"rt/api/sport/response","data":{"header":{"identity":{"api_id":1008,"id":1363352312},"status":{"code":0}},"data":""}}
2026-06-16 10:28:15,748 [INFO] root: > message sent: {"type": "req", "topic": "rt/api/sport/request", "data": {"header": {"identity": {"id": 1363352065, "api_id": 1008}}, "parameter": "{\"x\": 1.0, \"y\": 0, \"z\": -0.10585322623664324}"}}
2026-06-16 10:28:15,768 [INFO] root: > message sent: {"type": "heartbeat", "topic": "", "data": {"timeInStr": "2026-06-16 10:28:15", "timeInNum": 1781627295}}
2026-06-16 10:28:15,783 [INFO] root: Received message on data channel: {"type":"res","topic":"rt/api/sport/response","data":{"header":{"identity":{"api_id":1008,"id":1363352065},"status":{"code":0}},"data":""}}
2026-06-16 10:28:15,785 [INFO] root: Received message on data channel: {"type":"heartbeat"}
2026-06-16 10:28:15,785 [INFO] root: Heartbeat response received.
2026-06-16 10:28:15,943 [INFO] root: > message sent: {"type": "req", "topic": "rt/api/sport/request", "data": {"header": {"identity": {"id": 1363352654, "api_id": 1008}}, "parameter": "{\"x\": 1.0, \"y\": 0, \"z\": -0.08793098882787177}"}}
2026-06-16 10:28:15,976 [INFO] root: Received message on data channel: {"type":"res","topic":"rt/api/sport/response","data":{"header":{"identity":{"api_id":1008,"id":1363352654},"status":{"code":0}},"data":""}}
2026-06-16 10:28:16,160 [INFO] root: > message sent: {"type": "req", "topic": "rt/api/sport/request", "data": {"header": {"identity": {"id": 1363352407, "api_id": 1008}}, "parameter": "{\"x\": 1.0, \"y\": 0, \"z\": -0.0766479974502863}"}}
2026-06-16 10:28:16,194 [INFO] root: Received message on data channel: {"type":"res","topic":"rt/api/sport/response","data":{"header":{"identity":{"api_id":1008,"id":1363352407},"status":{"code":0}},"data":""}}
2026-06-16 10:28:16,349 [INFO] root: > message sent: {"type": "req", "topic": "rt/api/sport/request", "data": {"header": {"identity": {"id": 1363352847, "api_id": 1008}}, "parameter": "{\"x\": 1.0, \"y\": 0, \"z\": -0.07820704766394243}"}}
2026-06-16 10:28:16,393 [INFO] root: Received message on data channel: {"type":"res","topic":"rt/api/sport/response","data":{"header":{"identity":{"api_id":1008,"id":1363352847},"status":{"code":0}},"data":""}}
2026-06-16 10:28:16,447 [INFO] root: Received message on data channel: {"type":"msg","topic":"rt/lf/lowstate","data":{"imu_state":{"rpy":[0.012520,0.067570,-0.546864]},"motor_state":[{"q":0.113866,"temperature":27,"lost":0,"reserve":[0,593]},{"q":0.962598,"temperature":31,"lost":9,"reserve":[0,593]},{"q":-1.509378,"temperature":32,"lost":5,"reserve":[0,593]},{"q":0.008818,"temperature":30,"lost":5,"reserve":[0,593]},{"q":0.226430,"temperature":30,"lost":8,"reserve":[0,593]},{"q":-1.860355,"temperature":31,"lost":5,"reserve":[0,593]},{"q":-0.038041,"temperature":28,"lost":14,"reserve":[0,593]},{"q":0.431676,"temperature":31,"lost":5,"reserve":[0,593]},{"q":-1.809504,"temperature":31,"lost":0,"reserve":[0,593]},{"q":-0.017215,"temperature":29,"lost":0,"reserve":[0,593]},{"q":0.836123,"temperature":30,"lost":6,"reserve":[0,593]},{"q":-1.457816,"temperature":32,"lost":0,"reserve":[0,593]},{"q":0,"temperature":0,"lost":0,"reserve":[0,0]},{"q":0,"temperature":0,"lost":0,"reserve":[0,0]},{"q":0,"temperature":0,"lost":0,"reserve":[0,0]},{"q":0,"temperature":0,"lost":0,"reserve":[0,0]},{"q":0,"temperature":0,"lost":0,"reserve":[0,0]},{"q":0,"temperature":0,"lost":0,"reserve":[0,0]},{"q":0,"temperature":0,"lost":0,"reserve":[0,0]},{"q":0,"temperature":0,"lost":0,"reserve":[0,0]}],"bms_state":{"version_high":1,"version_low":18,"soc":96,"current":-7525,"cycle":3,"bq_ntc":[22,22],"mcu_ntc":[26,23]},"foot_force":[90,90,89,90],"temperature_ntc1":35,"power_v":31.341219}}
2026-06-16 10:28:16,550 [INFO] root: > message sent: {"type": "req", "topic": "rt/api/sport/request", "data": {"header": {"identity": {"id": 1363353085, "api_id": 1008}}, "parameter": "{\"x\": 1.0, \"y\": 0, \"z\": -0.057039593900339865}"}}
2026-06-16 10:28:16,566 [INFO] root: Received message on data channel: {"type":"res","topic":"rt/api/sport/response","data":{"header":{"identity":{"api_id":1008,"id":1363353085},"status":{"code":0}},"data":""}}
2026-06-16 10:28:16,764 [INFO] root: > message sent: {"type": "req", "topic": "rt/api/sport/request", "data": {"header": {"identity": {"id": 1363352605, "api_id": 1008}}, "parameter": "{\"x\": 1.0, \"y\": 0, \"z\": -0.07157002711768769}"}}
2026-06-16 10:28:16,794 [INFO] root: Received message on data channel: {"type":"res","topic":"rt/api/sport/response","data":{"header":{"identity":{"api_id":1008,"id":1363352605},"status":{"code":0}},"data":""}}
2026-06-16 10:28:16,795 [INFO] go2_survey.navigator: NAV [cross_track] approach | along=6.6/144.6m cross=0.26m hdg_err=4.8° cog=262° fix=6
2026-06-16 10:28:16,946 [INFO] root: > message sent: {"type": "req", "topic": "rt/api/sport/request", "data": {"header": {"identity": {"id": 1363353696, "api_id": 1008}}, "parameter": "{\"x\": 1.0, \"y\": 0, \"z\": -0.04414442126836007}"}}
2026-06-16 10:28:16,963 [INFO] root: Received message on data channel: {"type":"res","topic":"rt/api/sport/response","data":{"header":{"identity":{"api_id":1008,"id":1363353696},"status":{"code":0}},"data":""}}
2026-06-16 10:28:17,158 [INFO] root: > message sent: {"type": "req", "topic": "rt/api/sport/request", "data": {"header": {"identity": {"id": 1363353148, "api_id": 1008}}, "parameter": "{\"x\": 1.0, \"y\": 0, \"z\": -0.059009888607841954}"}}
2026-06-16 10:28:17,191 [INFO] root: Received message on data channel: {"type":"res","topic":"rt/api/sport/response","data":{"header":{"identity":{"api_id":1008,"id":1363353148},"status":{"code":0}},"data":""}}
2026-06-16 10:28:17,342 [INFO] root: > message sent: {"type": "req", "topic": "rt/api/sport/request", "data": {"header": {"identity": {"id": 1363353528, "api_id": 1008}}, "parameter": "{\"x\": 1.0, \"y\": 0, \"z\": -0.07024189089847453}"}}
2026-06-16 10:28:17,367 [INFO] root: Received message on data channel: {"type":"res","topic":"rt/api/sport/response","data":{"header":{"identity":{"api_id":1008,"id":1363353528},"status":{"code":0}},"data":""}}
2026-06-16 10:28:17,436 [INFO] root: Received message on data channel: {"type":"msg","topic":"rt/lf/lowstate","data":{"imu_state":{"rpy":[-0.008897,0.107101,-0.580792]},"motor_state":[{"q":0.112292,"temperature":27,"lost":0,"reserve":[0,595]},{"q":0.906584,"temperature":31,"lost":9,"reserve":[0,595]},{"q":-1.540829,"temperature":32,"lost":5,"reserve":[0,595]},{"q":0.034494,"temperature":30,"lost":5,"reserve":[0,595]},{"q":0.476280,"temperature":30,"lost":8,"reserve":[0,595]},{"q":-1.938534,"temperature":31,"lost":5,"reserve":[0,595]},{"q":-0.088817,"temperature":28,"lost":14,"reserve":[0,595]},{"q":0.912846,"temperature":31,"lost":5,"reserve":[0,595]},{"q":-1.942610,"temperature":31,"lost":0,"reserve":[0,595]},{"q":0.011215,"temperature":29,"lost":0,"reserve":[0,595]},{"q":0.725670,"temperature":30,"lost":6,"reserve":[0,595]},{"q":-1.474940,"temperature":32,"lost":0,"reserve":[0,595]},{"q":0,"temperature":0,"lost":0,"reserve":[0,0]},{"q":0,"temperature":0,"lost":0,"reserve":[0,0]},{"q":0,"temperature":0,"lost":0,"reserve":[0,0]},{"q":0,"temperature":0,"lost":0,"reserve":[0,0]},{"q":0,"temperature":0,"lost":0,"reserve":[0,0]},{"q":0,"temperature":0,"lost":0,"reserve":[0,0]},{"q":0,"temperature":0,"lost":0,"reserve":[0,0]},{"q":0,"temperature":0,"lost":0,"reserve":[0,0]}],"bms_state":{"version_high":1,"version_low":18,"soc":95,"current":-7396,"cycle":3,"bq_ntc":[22,22],"mcu_ntc":[26,23]},"foot_force":[90,90,89,90],"temperature_ntc1":35,"power_v":31.323509}}
2026-06-16 10:28:17,550 [INFO] root: > message sent: {"type": "req", "topic": "rt/api/sport/request", "data": {"header": {"identity": {"id": 1363354007, "api_id": 1008}}, "parameter": "{\"x\": 1.0, \"y\": 0, \"z\": -0.0376364752953711}"}}
2026-06-16 10:28:17,578 [INFO] root: Received message on data channel: {"type":"res","topic":"rt/api/sport/response","data":{"header":{"identity":{"api_id":1008,"id":1363354007},"status":{"code":0}},"data":""}}
2026-06-16 10:28:17,746 [INFO] root: > message sent: {"type": "req", "topic": "rt/api/sport/request", "data": {"header": {"identity": {"id": 1363353939, "api_id": 1008}}, "parameter": "{\"x\": 1.0, \"y\": 0, \"z\": -0.03767169788348724}"}}
2026-06-16 10:28:17,762 [INFO] root: Received message on data channel: {"type":"res","topic":"rt/api/sport/response","data":{"header":{"identity":{"api_id":1008,"id":1363353939},"status":{"code":0}},"data":""}}
2026-06-16 10:28:17,769 [INFO] root: > message sent: {"type": "heartbeat", "topic": "", "data": {"timeInStr": "2026-06-16 10:28:17", "timeInNum": 1781627297}}
2026-06-16 10:28:17,787 [INFO] root: Received message on data channel: {"type":"heartbeat"}
2026-06-16 10:28:17,788 [INFO] root: Heartbeat response received.
2026-06-16 10:28:17,948 [INFO] root: > message sent: {"type": "req", "topic": "rt/api/sport/request", "data": {"header": {"identity": {"id": 1363354199, "api_id": 1008}}, "parameter": "{\"x\": 1.0, \"y\": 0, \"z\": -0.025779848711743793}"}}
2026-06-16 10:28:17,952 [INFO] go2_survey.battery: BATTERY 95% | -7.4A | estimating runtime…
2026-06-16 10:28:17,965 [INFO] root: Received message on data channel: {"type":"res","topic":"rt/api/sport/response","data":{"header":{"identity":{"api_id":1008,"id":1363354199},"status":{"code":0}},"data":""}}
2026-06-16 10:28:18,162 [INFO] root: > message sent: {"type": "req", "topic": "rt/api/sport/request", "data": {"header": {"identity": {"id": 1363354889, "api_id": 1008}}, "parameter": "{\"x\": 1.0, \"y\": 0, \"z\": -0.006445647460942609}"}}
2026-06-16 10:28:18,188 [INFO] root: Received message on data channel: {"type":"res","topic":"rt/api/sport/response","data":{"header":{"identity":{"api_id":1008,"id":1363354889},"status":{"code":0}},"data":""}}
2026-06-16 10:28:18,349 [INFO] root: > message sent: {"type": "req", "topic": "rt/api/sport/request", "data": {"header": {"identity": {"id": 1363354987, "api_id": 1008}}, "parameter": "{\"x\": 1.0, \"y\": 0, \"z\": -0.012621942513772523}"}}
2026-06-16 10:28:18,366 [INFO] root: Received message on data channel: {"type":"res","topic":"rt/api/sport/response","data":{"header":{"identity":{"api_id":1008,"id":1363354987},"status":{"code":0}},"data":""}}
2026-06-16 10:28:18,439 [INFO] root: Received message on data channel: {"type":"msg","topic":"rt/lf/lowstate","data":{"imu_state":{"rpy":[0.007488,0.102555,-0.595859]},"motor_state":[{"q":0.095337,"temperature":27,"lost":0,"reserve":[0,585]},{"q":0.865528,"temperature":31,"lost":9,"reserve":[0,585]},{"q":-1.590890,"temperature":32,"lost":5,"reserve":[0,585]},{"q":0.058322,"temperature":30,"lost":5,"reserve":[0,585]},{"q":1.021790,"temperature":30,"lost":8,"reserve":[0,585]},{"q":-1.950919,"temperature":31,"lost":5,"reserve":[0,585]},{"q":0.002924,"temperature":28,"lost":14,"reserve":[0,585]},{"q":1.072136,"temperature":31,"lost":5,"reserve":[0,585]},{"q":-1.697915,"temperature":31,"lost":0,"reserve":[0,585]},{"q":-0.012038,"temperature":29,"lost":0,"reserve":[0,585]},{"q":0.610525,"temperature":30,"lost":6,"reserve":[0,585]},{"q":-1.503059,"temperature":32,"lost":0,"reserve":[0,585]},{"q":0,"temperature":0,"lost":0,"reserve":[0,0]},{"q":0,"temperature":0,"lost":0,"reserve":[0,0]},{"q":0,"temperature":0,"lost":0,"reserve":[0,0]},{"q":0,"temperature":0,"lost":0,"reserve":[0,0]},{"q":0,"temperature":0,"lost":0,"reserve":[0,0]},{"q":0,"temperature":0,"lost":0,"reserve":[0,0]},{"q":0,"temperature":0,"lost":0,"reserve":[0,0]},{"q":0,"temperature":0,"lost":0,"reserve":[0,0]}],"bms_state":{"version_high":1,"version_low":18,"soc":95,"current":-6020,"cycle":3,"bq_ntc":[22,22],"mcu_ntc":[26,23]},"foot_force":[90,90,89,90],"temperature_ntc1":35,"power_v":31.164148}}
2026-06-16 10:28:18,566 [INFO] root: > message sent: {"type": "req", "topic": "rt/api/sport/request", "data": {"header": {"identity": {"id": 1363355288, "api_id": 1008}}, "parameter": "{\"x\": 1.0, \"y\": 0, \"z\": -0.010398022841895055}"}}
2026-06-16 10:28:18,602 [INFO] root: Received message on data channel: {"type":"res","topic":"rt/api/sport/response","data":{"header":{"identity":{"api_id":1008,"id":1363355288},"status":{"code":0}},"data":""}}
2026-06-16 10:28:18,751 [INFO] root: > message sent: {"type": "req", "topic": "rt/api/sport/request", "data": {"header": {"identity": {"id": 1363354701, "api_id": 1008}}, "parameter": "{\"x\": 1.0, \"y\": 0, \"z\": -0.006773661037375404}"}}
2026-06-16 10:28:18,776 [INFO] root: Received message on data channel: {"type":"res","topic":"rt/api/sport/response","data":{"header":{"identity":{"api_id":1008,"id":1363354701},"status":{"code":0}},"data":""}}
2026-06-16 10:28:18,945 [INFO] root: > message sent: {"type": "req", "topic": "rt/api/sport/request", "data": {"header": {"identity": {"id": 1363355314, "api_id": 1008}}, "parameter": "{\"x\": 1.0, \"y\": 0, \"z\": -0.020781923125406363}"}}
2026-06-16 10:28:18,978 [INFO] root: Received message on data channel: {"type":"res","topic":"rt/api/sport/response","data":{"header":{"identity":{"api_id":1008,"id":1363355314},"status":{"code":0}},"data":""}}
2026-06-16 10:28:18,978 [INFO] go2_survey.navigator: NAV [cross_track] approach | along=8.7/144.6m cross=0.13m hdg_err=1.4° cog=268° fix=6
2026-06-16 10:28:19,154 [INFO] root: > message sent: {"type": "req", "topic": "rt/api/sport/request", "data": {"header": {"identity": {"id": 1363355791, "api_id": 1008}}, "parameter": "{\"x\": 1.0, \"y\": 0, \"z\": -0.012715832168688336}"}}
2026-06-16 10:28:19,185 [INFO] root: Received message on data channel: {"type":"res","topic":"rt/api/sport/response","data":{"header":{"identity":{"api_id":1008,"id":1363355791},"status":{"code":0}},"data":""}}
2026-06-16 10:28:19,352 [INFO] root: > message sent: {"type": "req", "topic": "rt/api/sport/request", "data": {"header": {"identity": {"id": 1363355435, "api_id": 1008}}, "parameter": "{\"x\": 1.0, \"y\": 0, \"z\": -0.04438569576758993}"}}
2026-06-16 10:28:19,371 [INFO] root: Received message on data channel: {"type":"res","topic":"rt/api/sport/response","data":{"header":{"identity":{"api_id":1008,"id":1363355435},"status":{"code":0}},"data":""}}
2026-06-16 10:28:19,438 [INFO] root: Received message on data channel: {"type":"msg","topic":"rt/lf/lowstate","data":{"imu_state":{"rpy":[-0.042093,0.089751,-0.592216]},"motor_state":[{"q":0.116622,"temperature":27,"lost":0,"reserve":[0,589]},{"q":0.682894,"temperature":31,"lost":9,"reserve":[0,589]},{"q":-1.671249,"temperature":32,"lost":5,"reserve":[0,589]},{"q":-0.001537,"temperature":30,"lost":5,"reserve":[0,589]},{"q":1.164579,"temperature":30,"lost":8,"reserve":[0,589]},{"q":-1.572913,"temperature":31,"lost":5,"reserve":[0,589]},{"q":0.013219,"temperature":28,"lost":14,"reserve":[0,589]},{"q":1.104049,"temperature":31,"lost":5,"reserve":[0,589]},{"q":-1.449334,"temperature":31,"lost":0,"reserve":[0,589]},{"q":0.001405,"temperature":29,"lost":0,"reserve":[0,589]},{"q":0.521176,"temperature":30,"lost":6,"reserve":[0,589]},{"q":-1.510736,"temperature":33,"lost":0,"reserve":[0,589]},{"q":0,"temperature":0,"lost":0,"reserve":[0,0]},{"q":0,"temperature":0,"lost":0,"reserve":[0,0]},{"q":0,"temperature":0,"lost":0,"reserve":[0,0]},{"q":0,"temperature":0,"lost":0,"reserve":[0,0]},{"q":0,"temperature":0,"lost":0,"reserve":[0,0]},{"q":0,"temperature":0,"lost":0,"reserve":[0,0]},{"q":0,"temperature":0,"lost":0,"reserve":[0,0]},{"q":0,"temperature":0,"lost":0,"reserve":[0,0]}],"bms_state":{"version_high":1,"version_low":18,"soc":95,"current":-7796,"cycle":3,"bq_ntc":[22,22],"mcu_ntc":[26,23]},"foot_force":[90,90,89,90],"temperature_ntc1":35,"power_v":30.951666}}
2026-06-16 10:28:19,549 [INFO] root: > message sent: {"type": "req", "topic": "rt/api/sport/request", "data": {"header": {"identity": {"id": 1363355610, "api_id": 1008}}, "parameter": "{\"x\": 1.0, \"y\": 0, \"z\": -0.03765531562366846}"}}
2026-06-16 10:28:19,583 [INFO] root: Received message on data channel: {"type":"res","topic":"rt/api/sport/response","data":{"header":{"identity":{"api_id":1008,"id":1363355610},"status":{"code":0}},"data":""}}
2026-06-16 10:28:19,748 [INFO] go2_survey.bearings: finalize_bearings: no line-survey captures in /media/mpg-robodog/KINGSTON1/multimodal_survey/missions/site_1/strip_1/runs/strip_1_2026-06-16_10-27-42/captures
2026-06-16 10:28:19,749 [WARNING] go2_survey.mission_runner: Mission interrupted by user
2026-06-16 10:28:19,751 [INFO] go2_survey.mission_runner: ------------------------------------------------------------
2026-06-16 10:28:19,751 [INFO] go2_survey.mission_runner: ---- BATTERY AT END: 95% | 31.0V | 22°C (-1% over run) -----
2026-06-16 10:28:19,751 [INFO] go2_survey.mission_runner: ------------------------------------------------------------
2026-06-16 10:28:19,752 [INFO] root: > message sent: {"type": "vid", "topic": "", "data": "off"}
2026-06-16 10:28:19,756 [INFO] go2_survey.robot: ------------------------------------------------------------
2026-06-16 10:28:19,756 [INFO] go2_survey.robot: -------------------- VIDEO CHANNEL OFF ---------------------
2026-06-16 10:28:19,757 [INFO] go2_survey.robot: ------------------------------------------------------------
2026-06-16 10:28:19,757 [INFO] go2_survey.robot: Stopping robot
2026-06-16 10:28:19,757 [INFO] root: > message sent: {"type": "req", "topic": "rt/api/sport/request", "data": {"header": {"identity": {"id": 1363356131, "api_id": 1003}}, "parameter": ""}}
2026-06-16 10:28:19,770 [INFO] root: > message sent: {"type": "heartbeat", "topic": "", "data": {"timeInStr": "2026-06-16 10:28:19", "timeInNum": 1781627299}}
2026-06-16 10:28:19,776 [INFO] root: Received message on data channel: {"type":"res","topic":"rt/api/sport/response","data":{"header":{"identity":{"api_id":1003,"id":1363356131},"status":{"code":0}},"data":""}}
2026-06-16 10:28:19,779 [INFO] root: Received message on data channel: {"type":"heartbeat"}
2026-06-16 10:28:19,779 [INFO] root: Heartbeat response received.
2026-06-16 10:28:19,793 [INFO] root: Data channel closed
2026-06-16 10:28:19,797 [INFO] go2_survey.ntrip: RTCM correction worker stopped
2026-06-16 10:28:19,797 [INFO] go2_survey.ntrip: Disconnected from NTRIP. Forwarded 58 messages.
2026-06-16 10:28:19,801 [INFO] go2_survey.gps: GPS connection closed
2026-06-16 10:28:19,801 [INFO] go2_survey.mission_runner: Connections closed
