2026-06-17 15:04:31,866 [INFO] go2_survey.cli: go2-survey v0.34.0 | git 62b70f8 | run dir: /media/mpg-robodog/KINGSTON1/multimodal_survey/missions/site_2/strip_4/runs/strip_4_2026-06-17_15-04-31
2026-06-17 15:04:31,867 [INFO] go2_survey.cli: Logging to: /media/mpg-robodog/KINGSTON1/multimodal_survey/missions/site_2/strip_4/runs/strip_4_2026-06-17_15-04-31/main.log (+ imu.log, gps.log)
2026-06-17 15:04:31,867 [INFO] go2_survey.cli: Mission dir: /media/mpg-robodog/KINGSTON1/multimodal_survey/missions/site_2/strip_4
2026-06-17 15:04:31,871 [INFO] go2_survey.mission_runner: ============================================================
2026-06-17 15:04:31,871 [INFO] go2_survey.mission_runner: ================= MISSION: site_2_strip_4 ==================
2026-06-17 15:04:31,871 [INFO] go2_survey.mission_runner: ============================================================
2026-06-17 15:04:31,871 [INFO] go2_survey.mission_runner: Lawnmower line survey of site 2, strip 4: the strip polygon boxified to a 51 m × 30 m grid — 6 identical 51.2 m legs at exact 5 m spacing along the strip axis (auto bearing 171.6°), starting at the southern corner, walked at 1 m/s, capturing a clean frame every 1 m of along-track travel (~310 frames over ~307 m of survey legs), steered by cross_track (GPS-course pure pursuit). Waypoints generated from seed_poly.geojson (QGIS polygon, EPSG:6514).
2026-06-17 15:04:31,872 [INFO] go2_survey.mission_runner: ------------------------------------------------------------
2026-06-17 15:04:31,872 [INFO] go2_survey.mission_runner: ------------------------ MODE: nav -------------------------
2026-06-17 15:04:31,872 [INFO] go2_survey.mission_runner: ------------------------------------------------------------
2026-06-17 15:04:31,873 [INFO] go2_survey.waypoints: Loaded 12 waypoints from /media/mpg-robodog/KINGSTON1/multimodal_survey/missions/site_2/strip_4/waypoints.geojson
2026-06-17 15:04:31,874 [INFO] go2_survey.mission_runner: Loaded 12 waypoint(s):
2026-06-17 15:04:31,874 [INFO] go2_survey.mission_runner:   1. wp_001: (46.69770356, -114.01657082)
2026-06-17 15:04:31,874 [INFO] go2_survey.mission_runner:   2. wp_002: (46.69779763, -114.01591322)
2026-06-17 15:04:31,874 [INFO] go2_survey.mission_runner:   3. wp_003: (46.69784169, -114.01592654)
2026-06-17 15:04:31,874 [INFO] go2_survey.mission_runner:   4. wp_004: (46.69774762, -114.01658414)
2026-06-17 15:04:31,875 [INFO] go2_survey.mission_runner:   5. wp_005: (46.69779168, -114.01659746)
2026-06-17 15:04:31,875 [INFO] go2_survey.mission_runner:   6. wp_006: (46.69788575, -114.01593985)
2026-06-17 15:04:31,875 [INFO] go2_survey.mission_runner:   7. wp_007: (46.69792981, -114.01595317)
2026-06-17 15:04:31,875 [INFO] go2_survey.mission_runner:   8. wp_008: (46.69783574, -114.01661077)
2026-06-17 15:04:31,875 [INFO] go2_survey.mission_runner:   9. wp_009: (46.69787981, -114.01662409)
2026-06-17 15:04:31,875 [INFO] go2_survey.mission_runner:   10. wp_010: (46.69797388, -114.01596648)
2026-06-17 15:04:31,876 [INFO] go2_survey.mission_runner:   11. wp_011: (46.69801794, -114.01597980)
2026-06-17 15:04:31,876 [INFO] go2_survey.mission_runner:   12. wp_012: (46.69792387, -114.01663740)
2026-06-17 15:04:31,876 [INFO] go2_survey.mission_runner: GPS: /dev/ttyACM0 @ 38400 | NTRIP: caster.emlid.com:2101 mountpoints=['MP22385', 'MP22385a'] | Robot: LocalSTA
2026-06-17 15:04:31,876 [INFO] go2_survey.mission_runner: Nav: tol=0.25m vmax=1.0m/s rot=0.8rad/s minFix=4 maxHacc=0.1m
2026-06-17 15:04:31,877 [INFO] go2_survey.mission_runner: ------------------------------------------------------------
2026-06-17 15:04:31,877 [INFO] go2_survey.mission_runner:  AUTO-DISCOVERING ROBOT IP (up to 4 attempts, 10s between) -
2026-06-17 15:04:31,877 [INFO] go2_survey.mission_runner: ------------------------------------------------------------
2026-06-17 15:04:31,877 [INFO] go2_survey.mission_runner: robot.ip not set in mission.toml and ROBOT_IP env var not set; scanning local network for a Go2 (nmap ports 8081/9991)...
2026-06-17 15:04:31,877 [INFO] go2_survey.mission_runner: Discovery attempt 1/4: scanning for Go2 on ports 8081/9991...
2026-06-17 15:04:31,890 [INFO] go2_survey.discovery: Scanning 172.24.197.241/24 for Go2 ports 8081/9991...
2026-06-17 15:04:46,611 [INFO] go2_survey.mission_runner: Discovery attempt 1: found Go2 at 172.24.197.5
2026-06-17 15:04:46,612 [INFO] go2_survey.mission_runner: ------------------------------------------------------------
2026-06-17 15:04:46,613 [INFO] go2_survey.mission_runner: ------------ ROBOT IP DISCOVERED | 172.24.197.5 ------------
2026-06-17 15:04:46,613 [INFO] go2_survey.mission_runner: ------------------------------------------------------------
2026-06-17 15:04:46,613 [INFO] go2_survey.mission_runner: ------------------------------------------------------------
2026-06-17 15:04:46,613 [INFO] go2_survey.mission_runner: ----------------------- PHASE 1: GPS -----------------------
2026-06-17 15:04:46,614 [INFO] go2_survey.mission_runner: ------------------------------------------------------------
2026-06-17 15:04:46,617 [INFO] go2_survey.gps: Connected to GPS on /dev/ttyACM0 @ 38400 baud
2026-06-17 15:04:46,619 [INFO] go2_survey.gps: NTRIP: trying primary mountpoint MP22385 (1/2, attempt 1/3)
2026-06-17 15:04:46,619 [INFO] go2_survey.ntrip: Connecting to NTRIP caster at caster.emlid.com:2101
2026-06-17 15:04:47,054 [INFO] go2_survey.ntrip: Connected to NTRIP mountpoint: MP22385
2026-06-17 15:04:47,055 [INFO] go2_survey.gps: NTRIP: connected via primary mountpoint MP22385 (took 0s, 1 attempt(s))
2026-06-17 15:04:47,057 [INFO] go2_survey.ntrip: Started RTCM correction stream
2026-06-17 15:04:47,057 [INFO] go2_survey.gps: Waiting for GPS fix (min type 4, NTRIP state=connected)...
2026-06-17 15:04:47,058 [WARNING] go2_survey.gps: wait_for_fix: RTCM stalled (state=connected, rtcm_age=∞, alive=True) — firing reconnect_ntrip_async()
2026-06-17 15:04:47,060 [INFO] go2_survey.ntrip: RTCM correction worker stopped
2026-06-17 15:04:47,060 [INFO] go2_survey.ntrip: Disconnected from NTRIP. Forwarded 0 messages.
2026-06-17 15:04:47,060 [INFO] go2_survey.gps: NTRIP reconnect: starting retry loop
2026-06-17 15:04:47,061 [INFO] go2_survey.gps: NTRIP: trying primary mountpoint MP22385 (1/2, attempt 1/3)
2026-06-17 15:04:47,061 [INFO] go2_survey.ntrip: Connecting to NTRIP caster at caster.emlid.com:2101
2026-06-17 15:04:47,431 [INFO] go2_survey.ntrip: Connected to NTRIP mountpoint: MP22385
2026-06-17 15:04:47,432 [INFO] go2_survey.gps: NTRIP: connected via primary mountpoint MP22385 (took 0s, 1 attempt(s))
2026-06-17 15:04:47,433 [INFO] go2_survey.ntrip: Started RTCM correction stream
2026-06-17 15:04:47,434 [INFO] go2_survey.gps: NTRIP reconnect: stream restored
2026-06-17 15:04:49,066 [INFO] go2_survey.gps: wait_for_fix: RTCM flow restored; re-arming stall-reconnect trigger
2026-06-17 15:04:58,095 [INFO] go2_survey.gps: RTK Fixed achieved! Lat: 46.69763930, Lon: -114.01650860, h: 1183.59m, hMSL: 1201.31m hAcc: 0.014m pDOP: 1.34
2026-06-17 15:04:58,095 [INFO] go2_survey.gps: ============================================================
2026-06-17 15:04:58,095 [INFO] go2_survey.gps:  GPS RTK Fixed ACHIEVED | hAcc: 0.014m pDOP: 1.34 | rtcm_age=1.7s msgs=22 
2026-06-17 15:04:58,096 [INFO] go2_survey.gps: ============================================================
2026-06-17 15:04:58,096 [INFO] go2_survey.mission_runner: Start position: (46.69763930, -114.01650860) hAcc: 0.014m
2026-06-17 15:04:58,096 [INFO] go2_survey.mission_runner: ------------------------------------------------------------
2026-06-17 15:04:58,096 [INFO] go2_survey.mission_runner: ------------- PHASE 2: GPS STABILIZATION (60s) -------------
2026-06-17 15:04:58,097 [INFO] go2_survey.mission_runner: ------------------------------------------------------------
2026-06-17 15:04:58,097 [INFO] go2_survey.gps: ------------------------------------------------------------
2026-06-17 15:04:58,097 [INFO] go2_survey.gps:  DWELL: 60s — robot stationary, RTK soaking (early-exit on 3s trusted Fixed) 
2026-06-17 15:04:58,097 [INFO] go2_survey.gps: ------------------------------------------------------------
2026-06-17 15:05:01,107 [INFO] go2_survey.gps: ============================================================
2026-06-17 15:05:01,107 [INFO] go2_survey.gps:  DWELL EARLY EXIT | best=RTK Fixed min_hAcc=0.014m | mean hAcc=0.014m sats=23.0 | TTFloat=0s TTFixed=0s | early@3s/60s (held trusted Fixed 3s) 
2026-06-17 15:05:01,107 [INFO] go2_survey.gps: ============================================================
2026-06-17 15:05:01,108 [INFO] go2_survey.mission_runner: ------------------------------------------------------------
2026-06-17 15:05:01,108 [INFO] go2_survey.mission_runner: ---------------------- PHASE 3: ROBOT ----------------------
2026-06-17 15:05:01,108 [INFO] go2_survey.mission_runner: ------------------------------------------------------------
2026-06-17 15:05:01,108 [INFO] go2_survey.robot: Connecting via LocalSTA (IP: 172.24.197.5)
2026-06-17 15:05:01,274 [INFO] root: Creating offer...
2026-06-17 15:05:02,002 [INFO] root: Track received: audio
2026-06-17 15:05:02,004 [INFO] root: Track received: video
2026-06-17 15:05:17,004 [ERROR] go2_survey.robot: Failed to connect to robot: Data channel setup timed out after 15s — the WebRTC peer never reached `connected` (peer=connecting, ice=checking). This usually means ICE/DTLS failed — another WebRTC client is probably holding the slot, the network is flaky, or a stale peer on the robot hasn't been released yet. Try again in 10–20 s, or kill any other connected client (mobile apk, second script).
2026-06-17 15:05:17,005 [ERROR] go2_survey.mission_runner: Failed to connect to robot
2026-06-17 15:05:17,006 [INFO] go2_survey.robot: Stopping robot
2026-06-17 15:05:17,225 [INFO] go2_survey.ntrip: RTCM correction worker stopped
2026-06-17 15:05:17,226 [INFO] go2_survey.ntrip: Disconnected from NTRIP. Forwarded 66 messages.
2026-06-17 15:05:17,230 [INFO] go2_survey.gps: GPS connection closed
2026-06-17 15:05:17,230 [INFO] go2_survey.mission_runner: Connections closed
